Archive member included because of file (symbol)

c:/new folder/imt_sdk_win_64/winavr/bin/../lib/gcc/avr/4.3.3/avr5\libgcc.a(_exit.o)
                              c:/new folder/imt_sdk_win_64/winavr/bin/../lib/gcc/avr/4.3.3/../../../../avr/lib/avr5/crtm32.o (exit)
c:/new folder/imt_sdk_win_64/winavr/bin/../lib/gcc/avr/4.3.3/avr5\libgcc.a(_copy_data.o)
                              ./MCAL_Layer/01-GPIO/MCAL_GPIO.o (__do_copy_data)

Memory Configuration

Name             Origin             Length             Attributes
text             0x00000000         0x00020000         xr
data             0x00800060         0x0000ffa0         rw !x
eeprom           0x00810000         0x00010000         rw !x
fuse             0x00820000         0x00000400         rw !x
lock             0x00830000         0x00000400         rw !x
signature        0x00840000         0x00000400         rw !x
*default*        0x00000000         0xffffffff

Linker script and memory map

LOAD c:/new folder/imt_sdk_win_64/winavr/bin/../lib/gcc/avr/4.3.3/../../../../avr/lib/avr5/crtm32.o
LOAD ./MCAL_Layer/01-GPIO/MCAL_GPIO.o
LOAD ./ECU_Layer/RELAY/ECU_RELAY.o
LOAD ./ECU_Layer/PUSH_BUTTON/ECU_PB.o
LOAD ./ECU_Layer/LED/ECU_LED.o
LOAD ./Application.o
LOAD c:/new folder/imt_sdk_win_64/winavr/bin/../lib/gcc/avr/4.3.3/avr5\libgcc.a
LOAD c:/new folder/imt_sdk_win_64/winavr/bin/../lib/gcc/avr/4.3.3/../../../../avr/lib/avr5\libc.a
LOAD c:/new folder/imt_sdk_win_64/winavr/bin/../lib/gcc/avr/4.3.3/avr5\libgcc.a

.hash
 *(.hash)

.dynsym
 *(.dynsym)

.dynstr
 *(.dynstr)

.gnu.version
 *(.gnu.version)

.gnu.version_d
 *(.gnu.version_d)

.gnu.version_r
 *(.gnu.version_r)

.rel.init
 *(.rel.init)

.rela.init
 *(.rela.init)

.rel.text
 *(.rel.text)
 *(.rel.text.*)
 *(.rel.gnu.linkonce.t*)

.rela.text
 *(.rela.text)
 *(.rela.text.*)
 *(.rela.gnu.linkonce.t*)

.rel.fini
 *(.rel.fini)

.rela.fini
 *(.rela.fini)

.rel.rodata
 *(.rel.rodata)
 *(.rel.rodata.*)
 *(.rel.gnu.linkonce.r*)

.rela.rodata
 *(.rela.rodata)
 *(.rela.rodata.*)
 *(.rela.gnu.linkonce.r*)

.rel.data
 *(.rel.data)
 *(.rel.data.*)
 *(.rel.gnu.linkonce.d*)

.rela.data
 *(.rela.data)
 *(.rela.data.*)
 *(.rela.gnu.linkonce.d*)

.rel.ctors
 *(.rel.ctors)

.rela.ctors
 *(.rela.ctors)

.rel.dtors
 *(.rel.dtors)

.rela.dtors
 *(.rela.dtors)

.rel.got
 *(.rel.got)

.rela.got
 *(.rela.got)

.rel.bss
 *(.rel.bss)

.rela.bss
 *(.rela.bss)

.rel.plt
 *(.rel.plt)

.rela.plt
 *(.rela.plt)

.text           0x00000000      0xc92
 *(.vectors)
 .vectors       0x00000000       0x54 c:/new folder/imt_sdk_win_64/winavr/bin/../lib/gcc/avr/4.3.3/../../../../avr/lib/avr5/crtm32.o
                0x00000000                __vectors
                0x00000000                __vector_default
 *(.vectors)
 *(.progmem.gcc*)
 *(.progmem*)
                0x00000054                . = ALIGN (0x2)
                0x00000054                __trampolines_start = .
 *(.trampolines)
 .trampolines   0x00000054        0x0 linker stubs
 *(.trampolines*)
                0x00000054                __trampolines_end = .
 *(.jumptables)
 *(.jumptables*)
 *(.lowtext)
 *(.lowtext*)
                0x00000054                __ctors_start = .
 *(.ctors)
                0x00000054                __ctors_end = .
                0x00000054                __dtors_start = .
 *(.dtors)
                0x00000054                __dtors_end = .
 SORT(*)(.ctors)
 SORT(*)(.dtors)
 *(.init0)
 .init0         0x00000054        0x0 c:/new folder/imt_sdk_win_64/winavr/bin/../lib/gcc/avr/4.3.3/../../../../avr/lib/avr5/crtm32.o
                0x00000054                __init
 *(.init0)
 *(.init1)
 *(.init1)
 *(.init2)
 .init2         0x00000054        0xc c:/new folder/imt_sdk_win_64/winavr/bin/../lib/gcc/avr/4.3.3/../../../../avr/lib/avr5/crtm32.o
 *(.init2)
 *(.init3)
 *(.init3)
 *(.init4)
 .init4         0x00000060       0x16 c:/new folder/imt_sdk_win_64/winavr/bin/../lib/gcc/avr/4.3.3/avr5\libgcc.a(_copy_data.o)
                0x00000060                __do_copy_data
 *(.init4)
 *(.init5)
 *(.init5)
 *(.init6)
 *(.init6)
 *(.init7)
 *(.init7)
 *(.init8)
 *(.init8)
 *(.init9)
 .init9         0x00000076        0x8 c:/new folder/imt_sdk_win_64/winavr/bin/../lib/gcc/avr/4.3.3/../../../../avr/lib/avr5/crtm32.o
 *(.init9)
 *(.text)
 .text          0x0000007e        0x4 c:/new folder/imt_sdk_win_64/winavr/bin/../lib/gcc/avr/4.3.3/../../../../avr/lib/avr5/crtm32.o
                0x0000007e                __vector_1
                0x0000007e                __vector_12
                0x0000007e                __bad_interrupt
                0x0000007e                __vector_6
                0x0000007e                __vector_3
                0x0000007e                __vector_11
                0x0000007e                __vector_13
                0x0000007e                __vector_17
                0x0000007e                __vector_19
                0x0000007e                __vector_7
                0x0000007e                __vector_5
                0x0000007e                __vector_4
                0x0000007e                __vector_9
                0x0000007e                __vector_2
                0x0000007e                __vector_15
                0x0000007e                __vector_8
                0x0000007e                __vector_14
                0x0000007e                __vector_10
                0x0000007e                __vector_16
                0x0000007e                __vector_18
                0x0000007e                __vector_20
 .text          0x00000082        0x0 ./MCAL_Layer/01-GPIO/MCAL_GPIO.o
 .text          0x00000082        0x0 ./ECU_Layer/RELAY/ECU_RELAY.o
 .text          0x00000082        0x0 ./ECU_Layer/PUSH_BUTTON/ECU_PB.o
 .text          0x00000082        0x0 ./ECU_Layer/LED/ECU_LED.o
 .text          0x00000082        0x0 ./Application.o
 .text          0x00000082        0x0 c:/new folder/imt_sdk_win_64/winavr/bin/../lib/gcc/avr/4.3.3/avr5\libgcc.a(_exit.o)
 .text          0x00000082        0x0 c:/new folder/imt_sdk_win_64/winavr/bin/../lib/gcc/avr/4.3.3/avr5\libgcc.a(_copy_data.o)
                0x00000082                . = ALIGN (0x2)
 *(.text.*)
 .text.gpio_pin_direction_initialize
                0x00000082      0x134 ./MCAL_Layer/01-GPIO/MCAL_GPIO.o
                0x00000082                gpio_pin_direction_initialize
 .text.gpio_pin_get_direction_status
                0x000001b6       0xa4 ./MCAL_Layer/01-GPIO/MCAL_GPIO.o
                0x000001b6                gpio_pin_get_direction_status
 .text.gpio_pin_write_logic
                0x0000025a      0x12c ./MCAL_Layer/01-GPIO/MCAL_GPIO.o
                0x0000025a                gpio_pin_write_logic
 .text.gpio_pin_read_logic
                0x00000386       0x9e ./MCAL_Layer/01-GPIO/MCAL_GPIO.o
                0x00000386                gpio_pin_read_logic
 .text.gpio_pin_toggle_logic
                0x00000424       0xa2 ./MCAL_Layer/01-GPIO/MCAL_GPIO.o
                0x00000424                gpio_pin_toggle_logic
 .text.gpio_pin_initialize
                0x000004c6       0x56 ./MCAL_Layer/01-GPIO/MCAL_GPIO.o
                0x000004c6                gpio_pin_initialize
 .text.gpio_port_direction_initialize
                0x0000051c       0x46 ./MCAL_Layer/01-GPIO/MCAL_GPIO.o
                0x0000051c                gpio_port_direction_initialize
 .text.gpio_port_get_direction_status
                0x00000562       0x56 ./MCAL_Layer/01-GPIO/MCAL_GPIO.o
                0x00000562                gpio_port_get_direction_status
 .text.gpio_port_write_logic
                0x000005b8       0x46 ./MCAL_Layer/01-GPIO/MCAL_GPIO.o
                0x000005b8                gpio_port_write_logic
 .text.gpio_port_read_logic
                0x000005fe       0x56 ./MCAL_Layer/01-GPIO/MCAL_GPIO.o
                0x000005fe                gpio_port_read_logic
 .text.gpio_port_toggle_logic
                0x00000654       0x56 ./MCAL_Layer/01-GPIO/MCAL_GPIO.o
                0x00000654                gpio_port_toggle_logic
 .text.relay_initialize
                0x000006aa       0x98 ./ECU_Layer/RELAY/ECU_RELAY.o
                0x000006aa                relay_initialize
 .text.relay_turn_on
                0x00000742       0x9a ./ECU_Layer/RELAY/ECU_RELAY.o
                0x00000742                relay_turn_on
 .text.relay_turn_off
                0x000007dc       0x9a ./ECU_Layer/RELAY/ECU_RELAY.o
                0x000007dc                relay_turn_off
 .text.relay_toggle
                0x00000876       0x98 ./ECU_Layer/RELAY/ECU_RELAY.o
                0x00000876                relay_toggle
 .text.button_initialize
                0x0000090e       0x38 ./ECU_Layer/PUSH_BUTTON/ECU_PB.o
                0x0000090e                button_initialize
 .text.button_read_state
                0x00000946       0x98 ./ECU_Layer/PUSH_BUTTON/ECU_PB.o
                0x00000946                button_read_state
 .text.led_initialize
                0x000009de       0x9e ./ECU_Layer/LED/ECU_LED.o
                0x000009de                led_initialize
 .text.led_turn_on
                0x00000a7c       0xa0 ./ECU_Layer/LED/ECU_LED.o
                0x00000a7c                led_turn_on
 .text.led_turn_off
                0x00000b1c       0xa0 ./ECU_Layer/LED/ECU_LED.o
                0x00000b1c                led_turn_off
 .text.led_turn_toggle
                0x00000bbc       0x9e ./ECU_Layer/LED/ECU_LED.o
                0x00000bbc                led_turn_toggle
 .text.main     0x00000c5a       0x1e ./Application.o
                0x00000c5a                main
 .text.Application_initialize
                0x00000c78       0x16 ./Application.o
                0x00000c78                Application_initialize
 .text.libgcc   0x00000c8e        0x0 c:/new folder/imt_sdk_win_64/winavr/bin/../lib/gcc/avr/4.3.3/avr5\libgcc.a(_exit.o)
 .text.libgcc   0x00000c8e        0x0 c:/new folder/imt_sdk_win_64/winavr/bin/../lib/gcc/avr/4.3.3/avr5\libgcc.a(_copy_data.o)
                0x00000c8e                . = ALIGN (0x2)
 *(.fini9)
 .fini9         0x00000c8e        0x0 c:/new folder/imt_sdk_win_64/winavr/bin/../lib/gcc/avr/4.3.3/avr5\libgcc.a(_exit.o)
                0x00000c8e                exit
                0x00000c8e                _exit
 *(.fini9)
 *(.fini8)
 *(.fini8)
 *(.fini7)
 *(.fini7)
 *(.fini6)
 *(.fini6)
 *(.fini5)
 *(.fini5)
 *(.fini4)
 *(.fini4)
 *(.fini3)
 *(.fini3)
 *(.fini2)
 *(.fini2)
 *(.fini1)
 *(.fini1)
 *(.fini0)
 .fini0         0x00000c8e        0x4 c:/new folder/imt_sdk_win_64/winavr/bin/../lib/gcc/avr/4.3.3/avr5\libgcc.a(_exit.o)
 *(.fini0)
                0x00000c92                _etext = .

.data           0x00800060       0x1a load address 0x00000c92
                0x00800060                PROVIDE (__data_start, .)
 *(.data)
 .data          0x00800060        0x0 c:/new folder/imt_sdk_win_64/winavr/bin/../lib/gcc/avr/4.3.3/../../../../avr/lib/avr5/crtm32.o
 .data          0x00800060        0x0 ./MCAL_Layer/01-GPIO/MCAL_GPIO.o
 .data          0x00800060        0x0 ./ECU_Layer/RELAY/ECU_RELAY.o
 .data          0x00800060        0x0 ./ECU_Layer/PUSH_BUTTON/ECU_PB.o
 .data          0x00800060        0x0 ./ECU_Layer/LED/ECU_LED.o
 .data          0x00800060        0x0 ./Application.o
 .data          0x00800060        0x0 c:/new folder/imt_sdk_win_64/winavr/bin/../lib/gcc/avr/4.3.3/avr5\libgcc.a(_exit.o)
 .data          0x00800060        0x0 c:/new folder/imt_sdk_win_64/winavr/bin/../lib/gcc/avr/4.3.3/avr5\libgcc.a(_copy_data.o)
 *(.data*)
 .data.DDR_register
                0x00800060        0x8 ./MCAL_Layer/01-GPIO/MCAL_GPIO.o
                0x00800060                DDR_register
 .data.PORT_register
                0x00800068        0x8 ./MCAL_Layer/01-GPIO/MCAL_GPIO.o
                0x00800068                PORT_register
 .data.PIN_register
                0x00800070        0x8 ./MCAL_Layer/01-GPIO/MCAL_GPIO.o
                0x00800070                PIN_register
 .data.relay1   0x00800078        0x1 ./Application.o
                0x00800078                relay1
 *(.rodata)
 *(.rodata*)
 *(.gnu.linkonce.d*)
                0x0080007a                . = ALIGN (0x2)
 *fill*         0x00800079        0x1 00
                0x0080007a                _edata = .
                0x0080007a                PROVIDE (__data_end, .)

.bss            0x0080007a        0x0
                0x0080007a                PROVIDE (__bss_start, .)
 *(.bss)
 .bss           0x0080007a        0x0 c:/new folder/imt_sdk_win_64/winavr/bin/../lib/gcc/avr/4.3.3/../../../../avr/lib/avr5/crtm32.o
 .bss           0x0080007a        0x0 ./MCAL_Layer/01-GPIO/MCAL_GPIO.o
 .bss           0x0080007a        0x0 ./ECU_Layer/RELAY/ECU_RELAY.o
 .bss           0x0080007a        0x0 ./ECU_Layer/PUSH_BUTTON/ECU_PB.o
 .bss           0x0080007a        0x0 ./ECU_Layer/LED/ECU_LED.o
 .bss           0x0080007a        0x0 ./Application.o
 .bss           0x0080007a        0x0 c:/new folder/imt_sdk_win_64/winavr/bin/../lib/gcc/avr/4.3.3/avr5\libgcc.a(_exit.o)
 .bss           0x0080007a        0x0 c:/new folder/imt_sdk_win_64/winavr/bin/../lib/gcc/avr/4.3.3/avr5\libgcc.a(_copy_data.o)
 *(.bss*)
 *(COMMON)
                0x0080007a                PROVIDE (__bss_end, .)
                0x00000c92                __data_load_start = LOADADDR (.data)
                0x00000cac                __data_load_end = (__data_load_start + SIZEOF (.data))

.noinit         0x0080007a        0x0
                0x0080007a                PROVIDE (__noinit_start, .)
 *(.noinit*)
                0x0080007a                PROVIDE (__noinit_end, .)
                0x0080007a                _end = .
                0x0080007a                PROVIDE (__heap_start, .)

.eeprom         0x00810000        0x0
 *(.eeprom*)
                0x00810000                __eeprom_end = .

.fuse
 *(.fuse)
 *(.lfuse)
 *(.hfuse)
 *(.efuse)

.lock
 *(.lock*)

.signature
 *(.signature*)

.stab           0x00000000     0x1b48
 *(.stab)
 .stab          0x00000000      0x930 ./MCAL_Layer/01-GPIO/MCAL_GPIO.o
 .stab          0x00000930      0x534 ./ECU_Layer/RELAY/ECU_RELAY.o
                                0x570 (size before relaxing)
 .stab          0x00000e64      0x414 ./ECU_Layer/PUSH_BUTTON/ECU_PB.o
                                0x450 (size before relaxing)
 .stab          0x00001278      0x54c ./ECU_Layer/LED/ECU_LED.o
                                0x588 (size before relaxing)
 .stab          0x000017c4      0x384 ./Application.o
                                0x564 (size before relaxing)

.stabstr        0x00000000     0x150a
 *(.stabstr)
 .stabstr       0x00000000     0x150a ./MCAL_Layer/01-GPIO/MCAL_GPIO.o

.stab.excl
 *(.stab.excl)

.stab.exclstr
 *(.stab.exclstr)

.stab.index
 *(.stab.index)

.stab.indexstr
 *(.stab.indexstr)

.comment
 *(.comment)

.debug
 *(.debug)

.line
 *(.line)

.debug_srcinfo
 *(.debug_srcinfo)

.debug_sfnames
 *(.debug_sfnames)

.debug_aranges
 *(.debug_aranges)

.debug_pubnames
 *(.debug_pubnames)

.debug_info
 *(.debug_info)
 *(.gnu.linkonce.wi.*)

.debug_abbrev
 *(.debug_abbrev)

.debug_line
 *(.debug_line)

.debug_frame
 *(.debug_frame)

.debug_str
 *(.debug_str)

.debug_loc
 *(.debug_loc)

.debug_macinfo
 *(.debug_macinfo)
OUTPUT(Application.elf elf32-avr)
LOAD linker stubs
