Archive member included because of file (symbol)

c:/new folder/imt_sdk_win_64/winavr/bin/../lib/gcc/avr/4.3.3/avr5\libgcc.a(_exit.o)
                              c:/new folder/imt_sdk_win_64/winavr/bin/../lib/gcc/avr/4.3.3/../../../../avr/lib/avr5/crtm32.o (exit)
c:/new folder/imt_sdk_win_64/winavr/bin/../lib/gcc/avr/4.3.3/avr5\libgcc.a(_copy_data.o)
                              ./MCAL_Layer/01-GPIO/MCAL_GPIO.o (__do_copy_data)
c:/new folder/imt_sdk_win_64/winavr/bin/../lib/gcc/avr/4.3.3/avr5\libgcc.a(_clear_bss.o)
                              ./Application.o (__do_clear_bss)

Memory Configuration

Name             Origin             Length             Attributes
text             0x00000000         0x00020000         xr
data             0x00800060         0x0000ffa0         rw !x
eeprom           0x00810000         0x00010000         rw !x
fuse             0x00820000         0x00000400         rw !x
lock             0x00830000         0x00000400         rw !x
signature        0x00840000         0x00000400         rw !x
*default*        0x00000000         0xffffffff

Linker script and memory map

LOAD c:/new folder/imt_sdk_win_64/winavr/bin/../lib/gcc/avr/4.3.3/../../../../avr/lib/avr5/crtm32.o
LOAD ./MCAL_Layer/01-GPIO/MCAL_GPIO.o
LOAD ./ECU_Layer/PUSH_BUTTON/ECU_PB.o
LOAD ./ECU_Layer/LED/ECU_LED.o
LOAD ./Application.o
LOAD c:/new folder/imt_sdk_win_64/winavr/bin/../lib/gcc/avr/4.3.3/avr5\libgcc.a
LOAD c:/new folder/imt_sdk_win_64/winavr/bin/../lib/gcc/avr/4.3.3/../../../../avr/lib/avr5\libc.a
LOAD c:/new folder/imt_sdk_win_64/winavr/bin/../lib/gcc/avr/4.3.3/avr5\libgcc.a

.hash
 *(.hash)

.dynsym
 *(.dynsym)

.dynstr
 *(.dynstr)

.gnu.version
 *(.gnu.version)

.gnu.version_d
 *(.gnu.version_d)

.gnu.version_r
 *(.gnu.version_r)

.rel.init
 *(.rel.init)

.rela.init
 *(.rela.init)

.rel.text
 *(.rel.text)
 *(.rel.text.*)
 *(.rel.gnu.linkonce.t*)

.rela.text
 *(.rela.text)
 *(.rela.text.*)
 *(.rela.gnu.linkonce.t*)

.rel.fini
 *(.rel.fini)

.rela.fini
 *(.rela.fini)

.rel.rodata
 *(.rel.rodata)
 *(.rel.rodata.*)
 *(.rel.gnu.linkonce.r*)

.rela.rodata
 *(.rela.rodata)
 *(.rela.rodata.*)
 *(.rela.gnu.linkonce.r*)

.rel.data
 *(.rel.data)
 *(.rel.data.*)
 *(.rel.gnu.linkonce.d*)

.rela.data
 *(.rela.data)
 *(.rela.data.*)
 *(.rela.gnu.linkonce.d*)

.rel.ctors
 *(.rel.ctors)

.rela.ctors
 *(.rela.ctors)

.rel.dtors
 *(.rel.dtors)

.rela.dtors
 *(.rela.dtors)

.rel.got
 *(.rel.got)

.rela.got
 *(.rela.got)

.rel.bss
 *(.rel.bss)

.rela.bss
 *(.rela.bss)

.rel.plt
 *(.rel.plt)

.rela.plt
 *(.rela.plt)

.text           0x00000000      0xade
 *(.vectors)
 .vectors       0x00000000       0x54 c:/new folder/imt_sdk_win_64/winavr/bin/../lib/gcc/avr/4.3.3/../../../../avr/lib/avr5/crtm32.o
                0x00000000                __vectors
                0x00000000                __vector_default
 *(.vectors)
 *(.progmem.gcc*)
 *(.progmem*)
                0x00000054                . = ALIGN (0x2)
                0x00000054                __trampolines_start = .
 *(.trampolines)
 .trampolines   0x00000054        0x0 linker stubs
 *(.trampolines*)
                0x00000054                __trampolines_end = .
 *(.jumptables)
 *(.jumptables*)
 *(.lowtext)
 *(.lowtext*)
                0x00000054                __ctors_start = .
 *(.ctors)
                0x00000054                __ctors_end = .
                0x00000054                __dtors_start = .
 *(.dtors)
                0x00000054                __dtors_end = .
 SORT(*)(.ctors)
 SORT(*)(.dtors)
 *(.init0)
 .init0         0x00000054        0x0 c:/new folder/imt_sdk_win_64/winavr/bin/../lib/gcc/avr/4.3.3/../../../../avr/lib/avr5/crtm32.o
                0x00000054                __init
 *(.init0)
 *(.init1)
 *(.init1)
 *(.init2)
 .init2         0x00000054        0xc c:/new folder/imt_sdk_win_64/winavr/bin/../lib/gcc/avr/4.3.3/../../../../avr/lib/avr5/crtm32.o
 *(.init2)
 *(.init3)
 *(.init3)
 *(.init4)
 .init4         0x00000060       0x16 c:/new folder/imt_sdk_win_64/winavr/bin/../lib/gcc/avr/4.3.3/avr5\libgcc.a(_copy_data.o)
                0x00000060                __do_copy_data
 .init4         0x00000076       0x10 c:/new folder/imt_sdk_win_64/winavr/bin/../lib/gcc/avr/4.3.3/avr5\libgcc.a(_clear_bss.o)
                0x00000076                __do_clear_bss
 *(.init4)
 *(.init5)
 *(.init5)
 *(.init6)
 *(.init6)
 *(.init7)
 *(.init7)
 *(.init8)
 *(.init8)
 *(.init9)
 .init9         0x00000086        0x8 c:/new folder/imt_sdk_win_64/winavr/bin/../lib/gcc/avr/4.3.3/../../../../avr/lib/avr5/crtm32.o
 *(.init9)
 *(.text)
 .text          0x0000008e        0x4 c:/new folder/imt_sdk_win_64/winavr/bin/../lib/gcc/avr/4.3.3/../../../../avr/lib/avr5/crtm32.o
                0x0000008e                __vector_1
                0x0000008e                __vector_12
                0x0000008e                __bad_interrupt
                0x0000008e                __vector_6
                0x0000008e                __vector_3
                0x0000008e                __vector_11
                0x0000008e                __vector_13
                0x0000008e                __vector_17
                0x0000008e                __vector_19
                0x0000008e                __vector_7
                0x0000008e                __vector_5
                0x0000008e                __vector_4
                0x0000008e                __vector_9
                0x0000008e                __vector_2
                0x0000008e                __vector_15
                0x0000008e                __vector_8
                0x0000008e                __vector_14
                0x0000008e                __vector_10
                0x0000008e                __vector_16
                0x0000008e                __vector_18
                0x0000008e                __vector_20
 .text          0x00000092        0x0 ./MCAL_Layer/01-GPIO/MCAL_GPIO.o
 .text          0x00000092        0x0 ./ECU_Layer/PUSH_BUTTON/ECU_PB.o
 .text          0x00000092        0x0 ./ECU_Layer/LED/ECU_LED.o
 .text          0x00000092        0x0 ./Application.o
 .text          0x00000092        0x0 c:/new folder/imt_sdk_win_64/winavr/bin/../lib/gcc/avr/4.3.3/avr5\libgcc.a(_exit.o)
 .text          0x00000092        0x0 c:/new folder/imt_sdk_win_64/winavr/bin/../lib/gcc/avr/4.3.3/avr5\libgcc.a(_copy_data.o)
 .text          0x00000092        0x0 c:/new folder/imt_sdk_win_64/winavr/bin/../lib/gcc/avr/4.3.3/avr5\libgcc.a(_clear_bss.o)
                0x00000092                . = ALIGN (0x2)
 *(.text.*)
 .text.gpio_pin_direction_initialize
                0x00000092      0x134 ./MCAL_Layer/01-GPIO/MCAL_GPIO.o
                0x00000092                gpio_pin_direction_initialize
 .text.gpio_pin_get_direction_status
                0x000001c6       0xa4 ./MCAL_Layer/01-GPIO/MCAL_GPIO.o
                0x000001c6                gpio_pin_get_direction_status
 .text.gpio_pin_write_logic
                0x0000026a      0x12c ./MCAL_Layer/01-GPIO/MCAL_GPIO.o
                0x0000026a                gpio_pin_write_logic
 .text.gpio_pin_read_logic
                0x00000396       0x9e ./MCAL_Layer/01-GPIO/MCAL_GPIO.o
                0x00000396                gpio_pin_read_logic
 .text.gpio_pin_toggle_logic
                0x00000434       0xa2 ./MCAL_Layer/01-GPIO/MCAL_GPIO.o
                0x00000434                gpio_pin_toggle_logic
 .text.gpio_pin_initialize
                0x000004d6       0x56 ./MCAL_Layer/01-GPIO/MCAL_GPIO.o
                0x000004d6                gpio_pin_initialize
 .text.gpio_port_direction_initialize
                0x0000052c       0x46 ./MCAL_Layer/01-GPIO/MCAL_GPIO.o
                0x0000052c                gpio_port_direction_initialize
 .text.gpio_port_get_direction_status
                0x00000572       0x56 ./MCAL_Layer/01-GPIO/MCAL_GPIO.o
                0x00000572                gpio_port_get_direction_status
 .text.gpio_port_write_logic
                0x000005c8       0x46 ./MCAL_Layer/01-GPIO/MCAL_GPIO.o
                0x000005c8                gpio_port_write_logic
 .text.gpio_port_read_logic
                0x0000060e       0x56 ./MCAL_Layer/01-GPIO/MCAL_GPIO.o
                0x0000060e                gpio_port_read_logic
 .text.gpio_port_toggle_logic
                0x00000664       0x56 ./MCAL_Layer/01-GPIO/MCAL_GPIO.o
                0x00000664                gpio_port_toggle_logic
 .text.button_initialize
                0x000006ba       0x38 ./ECU_Layer/PUSH_BUTTON/ECU_PB.o
                0x000006ba                button_initialize
 .text.button_read_state
                0x000006f2       0x98 ./ECU_Layer/PUSH_BUTTON/ECU_PB.o
                0x000006f2                button_read_state
 .text.button_debounce
                0x0000078a       0x86 ./ECU_Layer/PUSH_BUTTON/ECU_PB.o
                0x0000078a                button_debounce
 .text.led_initialize
                0x00000810       0x9e ./ECU_Layer/LED/ECU_LED.o
                0x00000810                led_initialize
 .text.led_turn_on
                0x000008ae       0xa0 ./ECU_Layer/LED/ECU_LED.o
                0x000008ae                led_turn_on
 .text.led_turn_off
                0x0000094e       0xa0 ./ECU_Layer/LED/ECU_LED.o
                0x0000094e                led_turn_off
 .text.led_turn_toggle
                0x000009ee       0x9e ./ECU_Layer/LED/ECU_LED.o
                0x000009ee                led_turn_toggle
 .text.main     0x00000a8c       0x30 ./Application.o
                0x00000a8c                main
 .text.Application_initialize
                0x00000abc       0x1e ./Application.o
                0x00000abc                Application_initialize
 .text.libgcc   0x00000ada        0x0 c:/new folder/imt_sdk_win_64/winavr/bin/../lib/gcc/avr/4.3.3/avr5\libgcc.a(_exit.o)
 .text.libgcc   0x00000ada        0x0 c:/new folder/imt_sdk_win_64/winavr/bin/../lib/gcc/avr/4.3.3/avr5\libgcc.a(_copy_data.o)
 .text.libgcc   0x00000ada        0x0 c:/new folder/imt_sdk_win_64/winavr/bin/../lib/gcc/avr/4.3.3/avr5\libgcc.a(_clear_bss.o)
                0x00000ada                . = ALIGN (0x2)
 *(.fini9)
 .fini9         0x00000ada        0x0 c:/new folder/imt_sdk_win_64/winavr/bin/../lib/gcc/avr/4.3.3/avr5\libgcc.a(_exit.o)
                0x00000ada                exit
                0x00000ada                _exit
 *(.fini9)
 *(.fini8)
 *(.fini8)
 *(.fini7)
 *(.fini7)
 *(.fini6)
 *(.fini6)
 *(.fini5)
 *(.fini5)
 *(.fini4)
 *(.fini4)
 *(.fini3)
 *(.fini3)
 *(.fini2)
 *(.fini2)
 *(.fini1)
 *(.fini1)
 *(.fini0)
 .fini0         0x00000ada        0x4 c:/new folder/imt_sdk_win_64/winavr/bin/../lib/gcc/avr/4.3.3/avr5\libgcc.a(_exit.o)
 *(.fini0)
                0x00000ade                _etext = .

.data           0x00800060       0x22 load address 0x00000ade
                0x00800060                PROVIDE (__data_start, .)
 *(.data)
 .data          0x00800060        0x0 c:/new folder/imt_sdk_win_64/winavr/bin/../lib/gcc/avr/4.3.3/../../../../avr/lib/avr5/crtm32.o
 .data          0x00800060        0x0 ./MCAL_Layer/01-GPIO/MCAL_GPIO.o
 .data          0x00800060        0x0 ./ECU_Layer/PUSH_BUTTON/ECU_PB.o
 .data          0x00800060        0x0 ./ECU_Layer/LED/ECU_LED.o
 .data          0x00800060        0x0 ./Application.o
 .data          0x00800060        0x0 c:/new folder/imt_sdk_win_64/winavr/bin/../lib/gcc/avr/4.3.3/avr5\libgcc.a(_exit.o)
 .data          0x00800060        0x0 c:/new folder/imt_sdk_win_64/winavr/bin/../lib/gcc/avr/4.3.3/avr5\libgcc.a(_copy_data.o)
 .data          0x00800060        0x0 c:/new folder/imt_sdk_win_64/winavr/bin/../lib/gcc/avr/4.3.3/avr5\libgcc.a(_clear_bss.o)
 *(.data*)
 .data.DDR_register
                0x00800060        0x8 ./MCAL_Layer/01-GPIO/MCAL_GPIO.o
                0x00800060                DDR_register
 .data.PORT_register
                0x00800068        0x8 ./MCAL_Layer/01-GPIO/MCAL_GPIO.o
                0x00800068                PORT_register
 .data.PIN_register
                0x00800070        0x8 ./MCAL_Layer/01-GPIO/MCAL_GPIO.o
                0x00800070                PIN_register
 .data.btn_high_last_valid_status.1316
                0x00800078        0x1 ./ECU_Layer/PUSH_BUTTON/ECU_PB.o
 .data.btn_high_valid_status.1315
                0x00800079        0x1 ./ECU_Layer/PUSH_BUTTON/ECU_PB.o
 .data.btn_high
                0x0080007a        0x3 ./Application.o
                0x0080007a                btn_high
 .data.btn_low  0x0080007d        0x3 ./Application.o
                0x0080007d                btn_low
 .data.led_1    0x00800080        0x1 ./Application.o
                0x00800080                led_1
 .data.btn_high_status
                0x00800081        0x1 ./Application.o
                0x00800081                btn_high_status
 *(.rodata)
 *(.rodata*)
 *(.gnu.linkonce.d*)
                0x00800082                . = ALIGN (0x2)
                0x00800082                _edata = .
                0x00800082                PROVIDE (__data_end, .)

.bss            0x00800082        0x2
                0x00800082                PROVIDE (__bss_start, .)
 *(.bss)
 .bss           0x00800082        0x0 c:/new folder/imt_sdk_win_64/winavr/bin/../lib/gcc/avr/4.3.3/../../../../avr/lib/avr5/crtm32.o
 .bss           0x00800082        0x0 ./MCAL_Layer/01-GPIO/MCAL_GPIO.o
 .bss           0x00800082        0x0 ./ECU_Layer/PUSH_BUTTON/ECU_PB.o
 .bss           0x00800082        0x0 ./ECU_Layer/LED/ECU_LED.o
 .bss           0x00800082        0x0 ./Application.o
 .bss           0x00800082        0x0 c:/new folder/imt_sdk_win_64/winavr/bin/../lib/gcc/avr/4.3.3/avr5\libgcc.a(_exit.o)
 .bss           0x00800082        0x0 c:/new folder/imt_sdk_win_64/winavr/bin/../lib/gcc/avr/4.3.3/avr5\libgcc.a(_copy_data.o)
 .bss           0x00800082        0x0 c:/new folder/imt_sdk_win_64/winavr/bin/../lib/gcc/avr/4.3.3/avr5\libgcc.a(_clear_bss.o)
 *(.bss*)
 .bss.ret       0x00800082        0x1 ./Application.o
                0x00800082                ret
 .bss.led1_status
                0x00800083        0x1 ./Application.o
                0x00800083                led1_status
 *(COMMON)
                0x00800084                PROVIDE (__bss_end, .)
                0x00000ade                __data_load_start = LOADADDR (.data)
                0x00000b00                __data_load_end = (__data_load_start + SIZEOF (.data))

.noinit         0x00800084        0x0
                0x00800084                PROVIDE (__noinit_start, .)
 *(.noinit*)
                0x00800084                PROVIDE (__noinit_end, .)
                0x00800084                _end = .
                0x00800084                PROVIDE (__heap_start, .)

.eeprom         0x00810000        0x0
 *(.eeprom*)
                0x00810000                __eeprom_end = .

.fuse
 *(.fuse)
 *(.lfuse)
 *(.hfuse)
 *(.efuse)

.lock
 *(.lock*)

.signature
 *(.signature*)

.stab           0x00000000     0x177c
 *(.stab)
 .stab          0x00000000      0x930 ./MCAL_Layer/01-GPIO/MCAL_GPIO.o
 .stab          0x00000930      0x558 ./ECU_Layer/PUSH_BUTTON/ECU_PB.o
                                0x594 (size before relaxing)
 .stab          0x00000e88      0x54c ./ECU_Layer/LED/ECU_LED.o
                                0x588 (size before relaxing)
 .stab          0x000013d4      0x3a8 ./Application.o
                                0x570 (size before relaxing)

.stabstr        0x00000000     0x1416
 *(.stabstr)
 .stabstr       0x00000000     0x1416 ./MCAL_Layer/01-GPIO/MCAL_GPIO.o

.stab.excl
 *(.stab.excl)

.stab.exclstr
 *(.stab.exclstr)

.stab.index
 *(.stab.index)

.stab.indexstr
 *(.stab.indexstr)

.comment
 *(.comment)

.debug
 *(.debug)

.line
 *(.line)

.debug_srcinfo
 *(.debug_srcinfo)

.debug_sfnames
 *(.debug_sfnames)

.debug_aranges
 *(.debug_aranges)

.debug_pubnames
 *(.debug_pubnames)

.debug_info
 *(.debug_info)
 *(.gnu.linkonce.wi.*)

.debug_abbrev
 *(.debug_abbrev)

.debug_line
 *(.debug_line)

.debug_frame
 *(.debug_frame)

.debug_str
 *(.debug_str)

.debug_loc
 *(.debug_loc)

.debug_macinfo
 *(.debug_macinfo)
OUTPUT(Application.elf elf32-avr)
LOAD linker stubs
