Archive member included because of file (symbol)

c:/new folder/imt_sdk_win_64/winavr/bin/../lib/gcc/avr/4.3.3/avr5\libgcc.a(_udivmodqi4.o)
                              ./ECU_Layer/LCD/ECU_CHR_LCD.o (__udivmodqi4)
c:/new folder/imt_sdk_win_64/winavr/bin/../lib/gcc/avr/4.3.3/avr5\libgcc.a(_udivmodhi4.o)
                              ./ECU_Layer/LCD/ECU_CHR_LCD.o (__udivmodhi4)
c:/new folder/imt_sdk_win_64/winavr/bin/../lib/gcc/avr/4.3.3/avr5\libgcc.a(_exit.o)
                              c:/new folder/imt_sdk_win_64/winavr/bin/../lib/gcc/avr/4.3.3/../../../../avr/lib/avr5/crtm32.o (exit)
c:/new folder/imt_sdk_win_64/winavr/bin/../lib/gcc/avr/4.3.3/avr5\libgcc.a(_copy_data.o)
                              ./MCAL_Layer/01-GPIO/MCAL_GPIO.o (__do_copy_data)
c:/new folder/imt_sdk_win_64/winavr/bin/../lib/gcc/avr/4.3.3/avr5\libgcc.a(_clear_bss.o)
                              ./MCAL_Layer/Interrupt/mcal_external_interrupt.o (__do_clear_bss)
c:/new folder/imt_sdk_win_64/winavr/bin/../lib/gcc/avr/4.3.3/avr5\libgcc.a(_fixunssfsi.o)
                              ./MCAL_Layer/03-EEPROM/MCAL_EEPROM.o (__fixunssfsi)
c:/new folder/imt_sdk_win_64/winavr/bin/../lib/gcc/avr/4.3.3/avr5\libgcc.a(_addsub_sf.o)
                              c:/new folder/imt_sdk_win_64/winavr/bin/../lib/gcc/avr/4.3.3/avr5\libgcc.a(_fixunssfsi.o) (__subsf3)
c:/new folder/imt_sdk_win_64/winavr/bin/../lib/gcc/avr/4.3.3/avr5\libgcc.a(_mul_sf.o)
                              ./MCAL_Layer/03-EEPROM/MCAL_EEPROM.o (__mulsf3)
c:/new folder/imt_sdk_win_64/winavr/bin/../lib/gcc/avr/4.3.3/avr5\libgcc.a(_div_sf.o)
                              ./Application.o (__divsf3)
c:/new folder/imt_sdk_win_64/winavr/bin/../lib/gcc/avr/4.3.3/avr5\libgcc.a(_gt_sf.o)
                              ./MCAL_Layer/03-EEPROM/MCAL_EEPROM.o (__gtsf2)
c:/new folder/imt_sdk_win_64/winavr/bin/../lib/gcc/avr/4.3.3/avr5\libgcc.a(_ge_sf.o)
                              c:/new folder/imt_sdk_win_64/winavr/bin/../lib/gcc/avr/4.3.3/avr5\libgcc.a(_fixunssfsi.o) (__gesf2)
c:/new folder/imt_sdk_win_64/winavr/bin/../lib/gcc/avr/4.3.3/avr5\libgcc.a(_lt_sf.o)
                              ./MCAL_Layer/03-EEPROM/MCAL_EEPROM.o (__ltsf2)
c:/new folder/imt_sdk_win_64/winavr/bin/../lib/gcc/avr/4.3.3/avr5\libgcc.a(_sf_to_si.o)
                              c:/new folder/imt_sdk_win_64/winavr/bin/../lib/gcc/avr/4.3.3/avr5\libgcc.a(_fixunssfsi.o) (__fixsfsi)
c:/new folder/imt_sdk_win_64/winavr/bin/../lib/gcc/avr/4.3.3/avr5\libgcc.a(_thenan_sf.o)
                              c:/new folder/imt_sdk_win_64/winavr/bin/../lib/gcc/avr/4.3.3/avr5\libgcc.a(_addsub_sf.o) (__thenan_sf)
c:/new folder/imt_sdk_win_64/winavr/bin/../lib/gcc/avr/4.3.3/avr5\libgcc.a(_usi_to_sf.o)
                              ./Application.o (__floatunsisf)
c:/new folder/imt_sdk_win_64/winavr/bin/../lib/gcc/avr/4.3.3/avr5\libgcc.a(_prologue.o)
                              c:/new folder/imt_sdk_win_64/winavr/bin/../lib/gcc/avr/4.3.3/avr5\libgcc.a(_addsub_sf.o) (__prologue_saves__)
c:/new folder/imt_sdk_win_64/winavr/bin/../lib/gcc/avr/4.3.3/avr5\libgcc.a(_epilogue.o)
                              c:/new folder/imt_sdk_win_64/winavr/bin/../lib/gcc/avr/4.3.3/avr5\libgcc.a(_addsub_sf.o) (__epilogue_restores__)
c:/new folder/imt_sdk_win_64/winavr/bin/../lib/gcc/avr/4.3.3/avr5\libgcc.a(_clzsi2.o)
                              c:/new folder/imt_sdk_win_64/winavr/bin/../lib/gcc/avr/4.3.3/avr5\libgcc.a(_usi_to_sf.o) (__clzsi2)
c:/new folder/imt_sdk_win_64/winavr/bin/../lib/gcc/avr/4.3.3/avr5\libgcc.a(_pack_sf.o)
                              c:/new folder/imt_sdk_win_64/winavr/bin/../lib/gcc/avr/4.3.3/avr5\libgcc.a(_addsub_sf.o) (__pack_f)
c:/new folder/imt_sdk_win_64/winavr/bin/../lib/gcc/avr/4.3.3/avr5\libgcc.a(_unpack_sf.o)
                              c:/new folder/imt_sdk_win_64/winavr/bin/../lib/gcc/avr/4.3.3/avr5\libgcc.a(_addsub_sf.o) (__unpack_f)
c:/new folder/imt_sdk_win_64/winavr/bin/../lib/gcc/avr/4.3.3/avr5\libgcc.a(_fpcmp_parts_sf.o)
                              c:/new folder/imt_sdk_win_64/winavr/bin/../lib/gcc/avr/4.3.3/avr5\libgcc.a(_gt_sf.o) (__fpcmp_parts_f)
c:/new folder/imt_sdk_win_64/winavr/bin/../lib/gcc/avr/4.3.3/avr5\libgcc.a(_clz.o)
                              c:/new folder/imt_sdk_win_64/winavr/bin/../lib/gcc/avr/4.3.3/avr5\libgcc.a(_clzsi2.o) (__clz_tab)
c:/new folder/imt_sdk_win_64/winavr/bin/../lib/gcc/avr/4.3.3/../../../../avr/lib/avr5\libc.a(memset.o)
                              ./ECU_Layer/LCD/ECU_CHR_LCD.o (memset)
c:/new folder/imt_sdk_win_64/winavr/bin/../lib/gcc/avr/4.3.3/../../../../avr/lib/avr5\libc.a(sprintf.o)
                              ./ECU_Layer/LCD/ECU_CHR_LCD.o (sprintf)
c:/new folder/imt_sdk_win_64/winavr/bin/../lib/gcc/avr/4.3.3/../../../../avr/lib/avr5\libc.a(vfprintf_std.o)
                              c:/new folder/imt_sdk_win_64/winavr/bin/../lib/gcc/avr/4.3.3/../../../../avr/lib/avr5\libc.a(sprintf.o) (vfprintf)
c:/new folder/imt_sdk_win_64/winavr/bin/../lib/gcc/avr/4.3.3/../../../../avr/lib/avr5\libc.a(strnlen_P.o)
                              c:/new folder/imt_sdk_win_64/winavr/bin/../lib/gcc/avr/4.3.3/../../../../avr/lib/avr5\libc.a(vfprintf_std.o) (strnlen_P)
c:/new folder/imt_sdk_win_64/winavr/bin/../lib/gcc/avr/4.3.3/../../../../avr/lib/avr5\libc.a(strnlen.o)
                              c:/new folder/imt_sdk_win_64/winavr/bin/../lib/gcc/avr/4.3.3/../../../../avr/lib/avr5\libc.a(vfprintf_std.o) (strnlen)
c:/new folder/imt_sdk_win_64/winavr/bin/../lib/gcc/avr/4.3.3/../../../../avr/lib/avr5\libc.a(fputc.o)
                              c:/new folder/imt_sdk_win_64/winavr/bin/../lib/gcc/avr/4.3.3/../../../../avr/lib/avr5\libc.a(vfprintf_std.o) (fputc)
c:/new folder/imt_sdk_win_64/winavr/bin/../lib/gcc/avr/4.3.3/../../../../avr/lib/avr5\libc.a(ultoa_invert.o)
                              c:/new folder/imt_sdk_win_64/winavr/bin/../lib/gcc/avr/4.3.3/../../../../avr/lib/avr5\libc.a(vfprintf_std.o) (__ultoa_invert)

Allocating common symbols
Common symbol       size              file

adc_flag            0x1               ./Application.o
ret                 0x1               ./Application.o

Memory Configuration

Name             Origin             Length             Attributes
text             0x00000000         0x00020000         xr
data             0x00800060         0x0000ffa0         rw !x
eeprom           0x00810000         0x00010000         rw !x
fuse             0x00820000         0x00000400         rw !x
lock             0x00830000         0x00000400         rw !x
signature        0x00840000         0x00000400         rw !x
*default*        0x00000000         0xffffffff

Linker script and memory map

LOAD c:/new folder/imt_sdk_win_64/winavr/bin/../lib/gcc/avr/4.3.3/../../../../avr/lib/avr5/crtm32.o
LOAD ./MCAL_Layer/Interrupt/mcal_external_interrupt.o
LOAD ./MCAL_Layer/Interrupt/mcal_internal_interrupt.o
LOAD ./MCAL_Layer/Interrupt/mcal_interrupt_manager.o
LOAD ./MCAL_Layer/04-ADC/MCAL_ADC.o
LOAD ./MCAL_Layer/03-EEPROM/MCAL_EEPROM.o
LOAD ./MCAL_Layer/01-GPIO/MCAL_GPIO.o
LOAD ./ECU_Layer/RELAY/ECU_RELAY.o
LOAD ./ECU_Layer/PUSH_BUTTON/ECU_PB.o
LOAD ./ECU_Layer/LED/ECU_LED.o
LOAD ./ECU_Layer/LCD/ECU_CHR_LCD.o
LOAD ./ECU_Layer/KEYPAD/ECU_KEYPAD.o
LOAD ./ECU_Layer/ECU_SEVEN_SEG/ECU_SEVEN_SEG.o
LOAD ./ECU_Layer/DC_Motor/ECU_DC_Motor.o
LOAD ./ECU_Layer/ECU_LAYER_INIT.o
LOAD ./Application.o
LOAD c:/new folder/imt_sdk_win_64/winavr/bin/../lib/gcc/avr/4.3.3/avr5\libgcc.a
LOAD c:/new folder/imt_sdk_win_64/winavr/bin/../lib/gcc/avr/4.3.3/../../../../avr/lib/avr5\libc.a
LOAD c:/new folder/imt_sdk_win_64/winavr/bin/../lib/gcc/avr/4.3.3/avr5\libgcc.a

.hash
 *(.hash)

.dynsym
 *(.dynsym)

.dynstr
 *(.dynstr)

.gnu.version
 *(.gnu.version)

.gnu.version_d
 *(.gnu.version_d)

.gnu.version_r
 *(.gnu.version_r)

.rel.init
 *(.rel.init)

.rela.init
 *(.rela.init)

.rel.text
 *(.rel.text)
 *(.rel.text.*)
 *(.rel.gnu.linkonce.t*)

.rela.text
 *(.rela.text)
 *(.rela.text.*)
 *(.rela.gnu.linkonce.t*)

.rel.fini
 *(.rel.fini)

.rela.fini
 *(.rela.fini)

.rel.rodata
 *(.rel.rodata)
 *(.rel.rodata.*)
 *(.rel.gnu.linkonce.r*)

.rela.rodata
 *(.rela.rodata)
 *(.rela.rodata.*)
 *(.rela.gnu.linkonce.r*)

.rel.data
 *(.rel.data)
 *(.rel.data.*)
 *(.rel.gnu.linkonce.d*)

.rela.data
 *(.rela.data)
 *(.rela.data.*)
 *(.rela.gnu.linkonce.d*)

.rel.ctors
 *(.rel.ctors)

.rela.ctors
 *(.rela.ctors)

.rel.dtors
 *(.rel.dtors)

.rela.dtors
 *(.rela.dtors)

.rel.got
 *(.rel.got)

.rela.got
 *(.rela.got)

.rel.bss
 *(.rel.bss)

.rela.bss
 *(.rela.bss)

.rel.plt
 *(.rel.plt)

.rela.plt
 *(.rela.plt)

.text           0x00000000     0x47ac
 *(.vectors)
 .vectors       0x00000000       0x54 c:/new folder/imt_sdk_win_64/winavr/bin/../lib/gcc/avr/4.3.3/../../../../avr/lib/avr5/crtm32.o
                0x00000000                __vectors
                0x00000000                __vector_default
 *(.vectors)
 *(.progmem.gcc*)
 *(.progmem*)
                0x00000054                . = ALIGN (0x2)
                0x00000054                __trampolines_start = .
 *(.trampolines)
 .trampolines   0x00000054        0x0 linker stubs
 *(.trampolines*)
                0x00000054                __trampolines_end = .
 *(.jumptables)
 *(.jumptables*)
 *(.lowtext)
 *(.lowtext*)
                0x00000054                __ctors_start = .
 *(.ctors)
                0x00000054                __ctors_end = .
                0x00000054                __dtors_start = .
 *(.dtors)
                0x00000054                __dtors_end = .
 SORT(*)(.ctors)
 SORT(*)(.dtors)
 *(.init0)
 .init0         0x00000054        0x0 c:/new folder/imt_sdk_win_64/winavr/bin/../lib/gcc/avr/4.3.3/../../../../avr/lib/avr5/crtm32.o
                0x00000054                __init
 *(.init0)
 *(.init1)
 *(.init1)
 *(.init2)
 .init2         0x00000054        0xc c:/new folder/imt_sdk_win_64/winavr/bin/../lib/gcc/avr/4.3.3/../../../../avr/lib/avr5/crtm32.o
 *(.init2)
 *(.init3)
 *(.init3)
 *(.init4)
 .init4         0x00000060       0x16 c:/new folder/imt_sdk_win_64/winavr/bin/../lib/gcc/avr/4.3.3/avr5\libgcc.a(_copy_data.o)
                0x00000060                __do_copy_data
 .init4         0x00000076       0x10 c:/new folder/imt_sdk_win_64/winavr/bin/../lib/gcc/avr/4.3.3/avr5\libgcc.a(_clear_bss.o)
                0x00000076                __do_clear_bss
 *(.init4)
 *(.init5)
 *(.init5)
 *(.init6)
 *(.init6)
 *(.init7)
 *(.init7)
 *(.init8)
 *(.init8)
 *(.init9)
 .init9         0x00000086        0x8 c:/new folder/imt_sdk_win_64/winavr/bin/../lib/gcc/avr/4.3.3/../../../../avr/lib/avr5/crtm32.o
 *(.init9)
 *(.text)
 .text          0x0000008e        0x4 c:/new folder/imt_sdk_win_64/winavr/bin/../lib/gcc/avr/4.3.3/../../../../avr/lib/avr5/crtm32.o
                0x0000008e                __vector_12
                0x0000008e                __bad_interrupt
                0x0000008e                __vector_6
                0x0000008e                __vector_11
                0x0000008e                __vector_13
                0x0000008e                __vector_17
                0x0000008e                __vector_19
                0x0000008e                __vector_7
                0x0000008e                __vector_5
                0x0000008e                __vector_4
                0x0000008e                __vector_9
                0x0000008e                __vector_15
                0x0000008e                __vector_8
                0x0000008e                __vector_14
                0x0000008e                __vector_10
                0x0000008e                __vector_18
                0x0000008e                __vector_20
 .text          0x00000092        0x0 ./MCAL_Layer/Interrupt/mcal_external_interrupt.o
 .text          0x00000092        0x0 ./MCAL_Layer/Interrupt/mcal_internal_interrupt.o
 .text          0x00000092        0x0 ./MCAL_Layer/Interrupt/mcal_interrupt_manager.o
 .text          0x00000092        0x0 ./MCAL_Layer/04-ADC/MCAL_ADC.o
 .text          0x00000092        0x0 ./MCAL_Layer/03-EEPROM/MCAL_EEPROM.o
 .text          0x00000092        0x0 ./MCAL_Layer/01-GPIO/MCAL_GPIO.o
 .text          0x00000092        0x0 ./ECU_Layer/RELAY/ECU_RELAY.o
 .text          0x00000092        0x0 ./ECU_Layer/PUSH_BUTTON/ECU_PB.o
 .text          0x00000092        0x0 ./ECU_Layer/LED/ECU_LED.o
 .text          0x00000092        0x0 ./ECU_Layer/LCD/ECU_CHR_LCD.o
 .text          0x00000092        0x0 ./ECU_Layer/KEYPAD/ECU_KEYPAD.o
 .text          0x00000092        0x0 ./ECU_Layer/ECU_SEVEN_SEG/ECU_SEVEN_SEG.o
 .text          0x00000092        0x0 ./ECU_Layer/DC_Motor/ECU_DC_Motor.o
 .text          0x00000092        0x0 ./ECU_Layer/ECU_LAYER_INIT.o
 .text          0x00000092        0x0 ./Application.o
 .text          0x00000092        0x0 c:/new folder/imt_sdk_win_64/winavr/bin/../lib/gcc/avr/4.3.3/avr5\libgcc.a(_udivmodqi4.o)
 .text          0x00000092        0x0 c:/new folder/imt_sdk_win_64/winavr/bin/../lib/gcc/avr/4.3.3/avr5\libgcc.a(_udivmodhi4.o)
 .text          0x00000092        0x0 c:/new folder/imt_sdk_win_64/winavr/bin/../lib/gcc/avr/4.3.3/avr5\libgcc.a(_exit.o)
 .text          0x00000092        0x0 c:/new folder/imt_sdk_win_64/winavr/bin/../lib/gcc/avr/4.3.3/avr5\libgcc.a(_copy_data.o)
 .text          0x00000092        0x0 c:/new folder/imt_sdk_win_64/winavr/bin/../lib/gcc/avr/4.3.3/avr5\libgcc.a(_clear_bss.o)
 .text          0x00000092       0x58 c:/new folder/imt_sdk_win_64/winavr/bin/../lib/gcc/avr/4.3.3/avr5\libgcc.a(_fixunssfsi.o)
                0x00000092                __fixunssfsi
 .text          0x000000ea      0x354 c:/new folder/imt_sdk_win_64/winavr/bin/../lib/gcc/avr/4.3.3/avr5\libgcc.a(_addsub_sf.o)
                0x00000382                __subsf3
                0x000003e4                __addsf3
 .text          0x0000043e      0x1f4 c:/new folder/imt_sdk_win_64/winavr/bin/../lib/gcc/avr/4.3.3/avr5\libgcc.a(_mul_sf.o)
                0x0000043e                __mulsf3
 .text          0x00000632      0x158 c:/new folder/imt_sdk_win_64/winavr/bin/../lib/gcc/avr/4.3.3/avr5\libgcc.a(_div_sf.o)
                0x00000632                __divsf3
 .text          0x0000078a       0x60 c:/new folder/imt_sdk_win_64/winavr/bin/../lib/gcc/avr/4.3.3/avr5\libgcc.a(_gt_sf.o)
                0x0000078a                __gtsf2
 .text          0x000007ea       0x60 c:/new folder/imt_sdk_win_64/winavr/bin/../lib/gcc/avr/4.3.3/avr5\libgcc.a(_ge_sf.o)
                0x000007ea                __gesf2
 .text          0x0000084a       0x60 c:/new folder/imt_sdk_win_64/winavr/bin/../lib/gcc/avr/4.3.3/avr5\libgcc.a(_lt_sf.o)
                0x0000084a                __ltsf2
 .text          0x000008aa       0xa8 c:/new folder/imt_sdk_win_64/winavr/bin/../lib/gcc/avr/4.3.3/avr5\libgcc.a(_sf_to_si.o)
                0x000008aa                __fixsfsi
 .text          0x00000952        0x0 c:/new folder/imt_sdk_win_64/winavr/bin/../lib/gcc/avr/4.3.3/avr5\libgcc.a(_thenan_sf.o)
 .text          0x00000952       0xf2 c:/new folder/imt_sdk_win_64/winavr/bin/../lib/gcc/avr/4.3.3/avr5\libgcc.a(_usi_to_sf.o)
                0x00000952                __floatunsisf
 .text          0x00000a44        0x0 c:/new folder/imt_sdk_win_64/winavr/bin/../lib/gcc/avr/4.3.3/avr5\libgcc.a(_prologue.o)
 .text          0x00000a44        0x0 c:/new folder/imt_sdk_win_64/winavr/bin/../lib/gcc/avr/4.3.3/avr5\libgcc.a(_epilogue.o)
 .text          0x00000a44       0x9e c:/new folder/imt_sdk_win_64/winavr/bin/../lib/gcc/avr/4.3.3/avr5\libgcc.a(_clzsi2.o)
                0x00000a44                __clzsi2
 .text          0x00000ae2      0x1aa c:/new folder/imt_sdk_win_64/winavr/bin/../lib/gcc/avr/4.3.3/avr5\libgcc.a(_pack_sf.o)
                0x00000ae2                __pack_f
 .text          0x00000c8c       0xf0 c:/new folder/imt_sdk_win_64/winavr/bin/../lib/gcc/avr/4.3.3/avr5\libgcc.a(_unpack_sf.o)
                0x00000c8c                __unpack_f
 .text          0x00000d7c       0xb2 c:/new folder/imt_sdk_win_64/winavr/bin/../lib/gcc/avr/4.3.3/avr5\libgcc.a(_fpcmp_parts_sf.o)
                0x00000d7c                __fpcmp_parts_f
 .text          0x00000e2e        0x0 c:/new folder/imt_sdk_win_64/winavr/bin/../lib/gcc/avr/4.3.3/avr5\libgcc.a(_clz.o)
 .text          0x00000e2e        0x0 c:/new folder/imt_sdk_win_64/winavr/bin/../lib/gcc/avr/4.3.3/../../../../avr/lib/avr5\libc.a(memset.o)
 .text          0x00000e2e        0x0 c:/new folder/imt_sdk_win_64/winavr/bin/../lib/gcc/avr/4.3.3/../../../../avr/lib/avr5\libc.a(sprintf.o)
 .text          0x00000e2e        0x0 c:/new folder/imt_sdk_win_64/winavr/bin/../lib/gcc/avr/4.3.3/../../../../avr/lib/avr5\libc.a(vfprintf_std.o)
 .text          0x00000e2e        0x0 c:/new folder/imt_sdk_win_64/winavr/bin/../lib/gcc/avr/4.3.3/../../../../avr/lib/avr5\libc.a(strnlen_P.o)
 .text          0x00000e2e        0x0 c:/new folder/imt_sdk_win_64/winavr/bin/../lib/gcc/avr/4.3.3/../../../../avr/lib/avr5\libc.a(strnlen.o)
 .text          0x00000e2e        0x0 c:/new folder/imt_sdk_win_64/winavr/bin/../lib/gcc/avr/4.3.3/../../../../avr/lib/avr5\libc.a(fputc.o)
 .text          0x00000e2e        0x0 c:/new folder/imt_sdk_win_64/winavr/bin/../lib/gcc/avr/4.3.3/../../../../avr/lib/avr5\libc.a(ultoa_invert.o)
                0x00000e2e                . = ALIGN (0x2)
 *(.text.*)
 .text.interrupt_INTx_init
                0x00000e2e       0x68 ./MCAL_Layer/Interrupt/mcal_external_interrupt.o
                0x00000e2e                interrupt_INTx_init
 .text.INT0_ISR
                0x00000e96       0x32 ./MCAL_Layer/Interrupt/mcal_external_interrupt.o
                0x00000e96                INT0_ISR
 .text.INT1_ISR
                0x00000ec8       0x32 ./MCAL_Layer/Interrupt/mcal_external_interrupt.o
                0x00000ec8                INT1_ISR
 .text.INT2_ISR
                0x00000efa       0x32 ./MCAL_Layer/Interrupt/mcal_external_interrupt.o
                0x00000efa                INT2_ISR
 .text.interrupt_INTx_Deinit
                0x00000f2c       0x36 ./MCAL_Layer/Interrupt/mcal_external_interrupt.o
                0x00000f2c                interrupt_INTx_Deinit
 .text.interrupt_INTx_Enable
                0x00000f62       0xc4 ./MCAL_Layer/Interrupt/mcal_external_interrupt.o
 .text.interrupt_INTx_Disable
                0x00001026       0x9a ./MCAL_Layer/Interrupt/mcal_external_interrupt.o
 .text.interrupt_INTx_Edge_Init
                0x000010c0      0x126 ./MCAL_Layer/Interrupt/mcal_external_interrupt.o
 .text.interrupt_INTx_Pin_Init
                0x000011e6       0x38 ./MCAL_Layer/Interrupt/mcal_external_interrupt.o
 .text.interrupt_INTx_Clear_Flag
                0x0000121e       0x9a ./MCAL_Layer/Interrupt/mcal_external_interrupt.o
 .text.INT0_SetInterruptHandler
                0x000012b8       0x3c ./MCAL_Layer/Interrupt/mcal_external_interrupt.o
 .text.INT1_SetInterruptHandler
                0x000012f4       0x3c ./MCAL_Layer/Interrupt/mcal_external_interrupt.o
 .text.INT2_SetInterruptHandler
                0x00001330       0x3c ./MCAL_Layer/Interrupt/mcal_external_interrupt.o
 .text.interrupt_INTx_SetInterruptHandler
                0x0000136c       0x8e ./MCAL_Layer/Interrupt/mcal_external_interrupt.o
 .text.__vector_1
                0x000013fa       0x54 ./MCAL_Layer/Interrupt/mcal_interrupt_manager.o
                0x000013fa                __vector_1
 .text.__vector_2
                0x0000144e       0x54 ./MCAL_Layer/Interrupt/mcal_interrupt_manager.o
                0x0000144e                __vector_2
 .text.__vector_3
                0x000014a2       0x54 ./MCAL_Layer/Interrupt/mcal_interrupt_manager.o
                0x000014a2                __vector_3
 .text.__vector_16
                0x000014f6       0x54 ./MCAL_Layer/Interrupt/mcal_interrupt_manager.o
                0x000014f6                __vector_16
 .text.ADC_Init
                0x0000154a       0xde ./MCAL_Layer/04-ADC/MCAL_ADC.o
                0x0000154a                ADC_Init
 .text.ADC_DeInit
                0x00001628       0x48 ./MCAL_Layer/04-ADC/MCAL_ADC.o
                0x00001628                ADC_DeInit
 .text.ADC_SelectChannel
                0x00001670       0x54 ./MCAL_Layer/04-ADC/MCAL_ADC.o
                0x00001670                ADC_SelectChannel
 .text.ADC_StartConversion
                0x000016c4       0x3a ./MCAL_Layer/04-ADC/MCAL_ADC.o
                0x000016c4                ADC_StartConversion
 .text.ADC_IsConversionDone
                0x000016fe       0x68 ./MCAL_Layer/04-ADC/MCAL_ADC.o
                0x000016fe                ADC_IsConversionDone
 .text.ADC_GetConversionResult
                0x00001766       0xd0 ./MCAL_Layer/04-ADC/MCAL_ADC.o
                0x00001766                ADC_GetConversionResult
 .text.ADC_GetConversion_Blocking
                0x00001836       0x68 ./MCAL_Layer/04-ADC/MCAL_ADC.o
                0x00001836                ADC_GetConversion_Blocking
 .text.adc_input_channel_port_configure
                0x0000189e      0x100 ./MCAL_Layer/04-ADC/MCAL_ADC.o
 .text.select_result_format
                0x0000199e       0x4e ./MCAL_Layer/04-ADC/MCAL_ADC.o
 .text.ADC_StartConversion_Interrupt
                0x000019ec       0x46 ./MCAL_Layer/04-ADC/MCAL_ADC.o
                0x000019ec                ADC_StartConversion_Interrupt
 .text.ADC_ISR  0x00001a32       0x32 ./MCAL_Layer/04-ADC/MCAL_ADC.o
                0x00001a32                ADC_ISR
 .text.Data_EEPROM_WriteByte
                0x00001a64      0x158 ./MCAL_Layer/03-EEPROM/MCAL_EEPROM.o
                0x00001a64                Data_EEPROM_WriteByte
 .text.Data_EEPROM_ReadByte
                0x00001bbc       0x34 ./MCAL_Layer/03-EEPROM/MCAL_EEPROM.o
                0x00001bbc                Data_EEPROM_ReadByte
 .text.gpio_pin_direction_initialize
                0x00001bf0      0x134 ./MCAL_Layer/01-GPIO/MCAL_GPIO.o
                0x00001bf0                gpio_pin_direction_initialize
 .text.gpio_pin_get_direction_status
                0x00001d24       0xa4 ./MCAL_Layer/01-GPIO/MCAL_GPIO.o
                0x00001d24                gpio_pin_get_direction_status
 .text.gpio_pin_write_logic
                0x00001dc8      0x12c ./MCAL_Layer/01-GPIO/MCAL_GPIO.o
                0x00001dc8                gpio_pin_write_logic
 .text.gpio_pin_read_logic
                0x00001ef4       0x9e ./MCAL_Layer/01-GPIO/MCAL_GPIO.o
                0x00001ef4                gpio_pin_read_logic
 .text.gpio_pin_toggle_logic
                0x00001f92       0xa2 ./MCAL_Layer/01-GPIO/MCAL_GPIO.o
                0x00001f92                gpio_pin_toggle_logic
 .text.gpio_pin_initialize
                0x00002034       0x56 ./MCAL_Layer/01-GPIO/MCAL_GPIO.o
                0x00002034                gpio_pin_initialize
 .text.gpio_port_direction_initialize
                0x0000208a       0x46 ./MCAL_Layer/01-GPIO/MCAL_GPIO.o
                0x0000208a                gpio_port_direction_initialize
 .text.gpio_port_get_direction_status
                0x000020d0       0x56 ./MCAL_Layer/01-GPIO/MCAL_GPIO.o
                0x000020d0                gpio_port_get_direction_status
 .text.gpio_port_write_logic
                0x00002126       0x46 ./MCAL_Layer/01-GPIO/MCAL_GPIO.o
                0x00002126                gpio_port_write_logic
 .text.gpio_port_read_logic
                0x0000216c       0x56 ./MCAL_Layer/01-GPIO/MCAL_GPIO.o
                0x0000216c                gpio_port_read_logic
 .text.gpio_port_toggle_logic
                0x000021c2       0x56 ./MCAL_Layer/01-GPIO/MCAL_GPIO.o
                0x000021c2                gpio_port_toggle_logic
 .text.relay_initialize
                0x00002218       0x98 ./ECU_Layer/RELAY/ECU_RELAY.o
                0x00002218                relay_initialize
 .text.relay_turn_on
                0x000022b0       0x9a ./ECU_Layer/RELAY/ECU_RELAY.o
                0x000022b0                relay_turn_on
 .text.relay_turn_off
                0x0000234a       0x9a ./ECU_Layer/RELAY/ECU_RELAY.o
                0x0000234a                relay_turn_off
 .text.relay_toggle
                0x000023e4       0x98 ./ECU_Layer/RELAY/ECU_RELAY.o
                0x000023e4                relay_toggle
 .text.button_initialize
                0x0000247c       0x38 ./ECU_Layer/PUSH_BUTTON/ECU_PB.o
                0x0000247c                button_initialize
 .text.button_read_state
                0x000024b4       0x98 ./ECU_Layer/PUSH_BUTTON/ECU_PB.o
                0x000024b4                button_read_state
 .text.led_initialize
                0x0000254c       0x9e ./ECU_Layer/LED/ECU_LED.o
                0x0000254c                led_initialize
 .text.led_turn_on
                0x000025ea       0xa0 ./ECU_Layer/LED/ECU_LED.o
                0x000025ea                led_turn_on
 .text.led_turn_off
                0x0000268a       0xa0 ./ECU_Layer/LED/ECU_LED.o
                0x0000268a                led_turn_off
 .text.led_turn_toggle
                0x0000272a       0x9e ./ECU_Layer/LED/ECU_LED.o
                0x0000272a                led_turn_toggle
 .text.lcd_4bit_initialize
                0x000027c8      0x2b6 ./ECU_Layer/LCD/ECU_CHR_LCD.o
                0x000027c8                lcd_4bit_initialize
 .text.lcd_4bit_send_command
                0x00002a7e       0x72 ./ECU_Layer/LCD/ECU_CHR_LCD.o
                0x00002a7e                lcd_4bit_send_command
 .text.lcd_4bit_send_char_data
                0x00002af0       0x72 ./ECU_Layer/LCD/ECU_CHR_LCD.o
                0x00002af0                lcd_4bit_send_char_data
 .text.lcd_4bit_send_char_data_pos
                0x00002b62       0x52 ./ECU_Layer/LCD/ECU_CHR_LCD.o
                0x00002b62                lcd_4bit_send_char_data_pos
 .text.lcd_4bit_send_string
                0x00002bb4       0x66 ./ECU_Layer/LCD/ECU_CHR_LCD.o
                0x00002bb4                lcd_4bit_send_string
 .text.lcd_4bit_send_string_pos
                0x00002c1a       0x82 ./ECU_Layer/LCD/ECU_CHR_LCD.o
                0x00002c1a                lcd_4bit_send_string_pos
 .text.lcd_4bit_send_custom_char
                0x00002c9c       0xac ./ECU_Layer/LCD/ECU_CHR_LCD.o
                0x00002c9c                lcd_4bit_send_custom_char
 .text.lcd_4bit_send_int
                0x00002d48       0x56 ./ECU_Layer/LCD/ECU_CHR_LCD.o
                0x00002d48                lcd_4bit_send_int
 .text.lcd_4bit_send_int_pos
                0x00002d9e       0x7e ./ECU_Layer/LCD/ECU_CHR_LCD.o
                0x00002d9e                lcd_4bit_send_int_pos
 .text.lcd_8bit_initialize
                0x00002e1c      0x43c ./ECU_Layer/LCD/ECU_CHR_LCD.o
                0x00002e1c                lcd_8bit_initialize
 .text.lcd_8bit_send_command
                0x00003258       0x9c ./ECU_Layer/LCD/ECU_CHR_LCD.o
                0x00003258                lcd_8bit_send_command
 .text.lcd_8bit_send_char_data
                0x000032f4       0x9c ./ECU_Layer/LCD/ECU_CHR_LCD.o
                0x000032f4                lcd_8bit_send_char_data
 .text.lcd_8bit_send_char_data_pos
                0x00003390       0x54 ./ECU_Layer/LCD/ECU_CHR_LCD.o
                0x00003390                lcd_8bit_send_char_data_pos
 .text.lcd_8bit_send_string
                0x000033e4       0x66 ./ECU_Layer/LCD/ECU_CHR_LCD.o
                0x000033e4                lcd_8bit_send_string
 .text.lcd_8bit_send_string_pos
                0x0000344a       0x82 ./ECU_Layer/LCD/ECU_CHR_LCD.o
                0x0000344a                lcd_8bit_send_string_pos
 .text.lcd_8bit_send_custom_char
                0x000034cc       0xac ./ECU_Layer/LCD/ECU_CHR_LCD.o
                0x000034cc                lcd_8bit_send_custom_char
 .text.convert_byte_to_string
                0x00003578       0x7c ./ECU_Layer/LCD/ECU_CHR_LCD.o
                0x00003578                convert_byte_to_string
 .text.convert_string_to_byte
                0x000035f4       0xa4 ./ECU_Layer/LCD/ECU_CHR_LCD.o
                0x000035f4                convert_string_to_byte
 .text.convert_short_to_string
                0x00003698       0x80 ./ECU_Layer/LCD/ECU_CHR_LCD.o
                0x00003698                convert_short_to_string
 .text.convert_int_to_string
                0x00003718       0x80 ./ECU_Layer/LCD/ECU_CHR_LCD.o
                0x00003718                convert_int_to_string
 .text.lcd_send_4bits
                0x00003798       0x9a ./ECU_Layer/LCD/ECU_CHR_LCD.o
 .text.lcd_4bit_send_enable
                0x00003832      0x130 ./ECU_Layer/LCD/ECU_CHR_LCD.o
 .text.lcd_8bit_send_enable
                0x00003962      0x130 ./ECU_Layer/LCD/ECU_CHR_LCD.o
 .text.lcd_8bit_set_cursor
                0x00003a92       0x80 ./ECU_Layer/LCD/ECU_CHR_LCD.o
 .text.lcd_4bit_set_cursor
                0x00003b12       0x80 ./ECU_Layer/LCD/ECU_CHR_LCD.o
 .text.keypad_initialize
                0x00003b92       0x86 ./ECU_Layer/KEYPAD/ECU_KEYPAD.o
                0x00003b92                keypad_initialize
 .text.keypad_get_value
                0x00003c18      0x1f6 ./ECU_Layer/KEYPAD/ECU_KEYPAD.o
                0x00003c18                keypad_get_value
 .text.seven_segment_initialize
                0x00003e0e       0x72 ./ECU_Layer/ECU_SEVEN_SEG/ECU_SEVEN_SEG.o
                0x00003e0e                seven_segment_initialize
 .text.seven_segment_write_number
                0x00003e80      0x14c ./ECU_Layer/ECU_SEVEN_SEG/ECU_SEVEN_SEG.o
                0x00003e80                seven_segment_write_number
 .text.dc_motor_initialize
                0x00003fcc       0x40 ./ECU_Layer/DC_Motor/ECU_DC_Motor.o
                0x00003fcc                dc_motor_initialize
 .text.dc_motor_move_right
                0x0000400c       0x44 ./ECU_Layer/DC_Motor/ECU_DC_Motor.o
                0x0000400c                dc_motor_move_right
 .text.dc_motor_move_left
                0x00004050       0x44 ./ECU_Layer/DC_Motor/ECU_DC_Motor.o
                0x00004050                dc_motor_move_left
 .text.dc_motor_stop
                0x00004094       0x44 ./ECU_Layer/DC_Motor/ECU_DC_Motor.o
                0x00004094                dc_motor_stop
 .text.ecu_layer_initialize
                0x000040d8       0x28 ./ECU_Layer/ECU_LAYER_INIT.o
                0x000040d8                ecu_layer_initialize
 .text.main     0x00004100       0x8c ./Application.o
                0x00004100                main
 .text.Application_initialize
                0x0000418c       0x1e ./Application.o
                0x0000418c                Application_initialize
 .text.libgcc   0x000041aa       0x18 c:/new folder/imt_sdk_win_64/winavr/bin/../lib/gcc/avr/4.3.3/avr5\libgcc.a(_udivmodqi4.o)
                0x000041aa                __udivmodqi4
 .text.libgcc   0x000041c2       0x28 c:/new folder/imt_sdk_win_64/winavr/bin/../lib/gcc/avr/4.3.3/avr5\libgcc.a(_udivmodhi4.o)
                0x000041c2                __udivmodhi4
 .text.libgcc   0x000041ea        0x0 c:/new folder/imt_sdk_win_64/winavr/bin/../lib/gcc/avr/4.3.3/avr5\libgcc.a(_exit.o)
 .text.libgcc   0x000041ea        0x0 c:/new folder/imt_sdk_win_64/winavr/bin/../lib/gcc/avr/4.3.3/avr5\libgcc.a(_copy_data.o)
 .text.libgcc   0x000041ea        0x0 c:/new folder/imt_sdk_win_64/winavr/bin/../lib/gcc/avr/4.3.3/avr5\libgcc.a(_clear_bss.o)
 .text.libgcc   0x000041ea       0x38 c:/new folder/imt_sdk_win_64/winavr/bin/../lib/gcc/avr/4.3.3/avr5\libgcc.a(_prologue.o)
                0x000041ea                __prologue_saves__
 .text.libgcc   0x00004222       0x36 c:/new folder/imt_sdk_win_64/winavr/bin/../lib/gcc/avr/4.3.3/avr5\libgcc.a(_epilogue.o)
                0x00004222                __epilogue_restores__
 .text.avr-libc
                0x00004258        0xe c:/new folder/imt_sdk_win_64/winavr/bin/../lib/gcc/avr/4.3.3/../../../../avr/lib/avr5\libc.a(memset.o)
                0x00004258                memset
 .text.avr-libc
                0x00004266       0x48 c:/new folder/imt_sdk_win_64/winavr/bin/../lib/gcc/avr/4.3.3/../../../../avr/lib/avr5\libc.a(sprintf.o)
                0x00004266                sprintf
 .text.avr-libc
                0x000042ae      0x3ba c:/new folder/imt_sdk_win_64/winavr/bin/../lib/gcc/avr/4.3.3/../../../../avr/lib/avr5\libc.a(vfprintf_std.o)
                0x000042ae                vfprintf
 .text.avr-libc
                0x00004668       0x16 c:/new folder/imt_sdk_win_64/winavr/bin/../lib/gcc/avr/4.3.3/../../../../avr/lib/avr5\libc.a(strnlen_P.o)
                0x00004668                strnlen_P
 .text.avr-libc
                0x0000467e       0x16 c:/new folder/imt_sdk_win_64/winavr/bin/../lib/gcc/avr/4.3.3/../../../../avr/lib/avr5\libc.a(strnlen.o)
                0x0000467e                strnlen
 .text.avr-libc
                0x00004694       0x58 c:/new folder/imt_sdk_win_64/winavr/bin/../lib/gcc/avr/4.3.3/../../../../avr/lib/avr5\libc.a(fputc.o)
                0x00004694                fputc
 .text.avr-libc
                0x000046ec       0xbc c:/new folder/imt_sdk_win_64/winavr/bin/../lib/gcc/avr/4.3.3/../../../../avr/lib/avr5\libc.a(ultoa_invert.o)
                0x000046ec                __ultoa_invert
                0x000047a8                . = ALIGN (0x2)
 *(.fini9)
 .fini9         0x000047a8        0x0 c:/new folder/imt_sdk_win_64/winavr/bin/../lib/gcc/avr/4.3.3/avr5\libgcc.a(_exit.o)
                0x000047a8                exit
                0x000047a8                _exit
 *(.fini9)
 *(.fini8)
 *(.fini8)
 *(.fini7)
 *(.fini7)
 *(.fini6)
 *(.fini6)
 *(.fini5)
 *(.fini5)
 *(.fini4)
 *(.fini4)
 *(.fini3)
 *(.fini3)
 *(.fini2)
 *(.fini2)
 *(.fini1)
 *(.fini1)
 *(.fini0)
 .fini0         0x000047a8        0x4 c:/new folder/imt_sdk_win_64/winavr/bin/../lib/gcc/avr/4.3.3/avr5\libgcc.a(_exit.o)
 *(.fini0)
                0x000047ac                _etext = .

.data           0x00800060      0x17e load address 0x000047ac
                0x00800060                PROVIDE (__data_start, .)
 *(.data)
 .data          0x00800060        0x0 c:/new folder/imt_sdk_win_64/winavr/bin/../lib/gcc/avr/4.3.3/../../../../avr/lib/avr5/crtm32.o
 .data          0x00800060        0x0 ./MCAL_Layer/Interrupt/mcal_external_interrupt.o
 .data          0x00800060        0x0 ./MCAL_Layer/Interrupt/mcal_internal_interrupt.o
 .data          0x00800060        0x0 ./MCAL_Layer/Interrupt/mcal_interrupt_manager.o
 .data          0x00800060        0x0 ./MCAL_Layer/04-ADC/MCAL_ADC.o
 .data          0x00800060        0x0 ./MCAL_Layer/03-EEPROM/MCAL_EEPROM.o
 .data          0x00800060        0x0 ./MCAL_Layer/01-GPIO/MCAL_GPIO.o
 .data          0x00800060        0x0 ./ECU_Layer/RELAY/ECU_RELAY.o
 .data          0x00800060        0x0 ./ECU_Layer/PUSH_BUTTON/ECU_PB.o
 .data          0x00800060        0x0 ./ECU_Layer/LED/ECU_LED.o
 .data          0x00800060        0x3 ./ECU_Layer/LCD/ECU_CHR_LCD.o
 .data          0x00800063        0x0 ./ECU_Layer/KEYPAD/ECU_KEYPAD.o
 .data          0x00800063        0x0 ./ECU_Layer/ECU_SEVEN_SEG/ECU_SEVEN_SEG.o
 .data          0x00800063        0x0 ./ECU_Layer/DC_Motor/ECU_DC_Motor.o
 .data          0x00800063        0x0 ./ECU_Layer/ECU_LAYER_INIT.o
 .data          0x00800063        0x0 ./Application.o
 .data          0x00800063        0x0 c:/new folder/imt_sdk_win_64/winavr/bin/../lib/gcc/avr/4.3.3/avr5\libgcc.a(_udivmodqi4.o)
 .data          0x00800063        0x0 c:/new folder/imt_sdk_win_64/winavr/bin/../lib/gcc/avr/4.3.3/avr5\libgcc.a(_udivmodhi4.o)
 .data          0x00800063        0x0 c:/new folder/imt_sdk_win_64/winavr/bin/../lib/gcc/avr/4.3.3/avr5\libgcc.a(_exit.o)
 .data          0x00800063        0x0 c:/new folder/imt_sdk_win_64/winavr/bin/../lib/gcc/avr/4.3.3/avr5\libgcc.a(_copy_data.o)
 .data          0x00800063        0x0 c:/new folder/imt_sdk_win_64/winavr/bin/../lib/gcc/avr/4.3.3/avr5\libgcc.a(_clear_bss.o)
 .data          0x00800063        0x0 c:/new folder/imt_sdk_win_64/winavr/bin/../lib/gcc/avr/4.3.3/avr5\libgcc.a(_fixunssfsi.o)
 .data          0x00800063        0x0 c:/new folder/imt_sdk_win_64/winavr/bin/../lib/gcc/avr/4.3.3/avr5\libgcc.a(_addsub_sf.o)
 .data          0x00800063        0x0 c:/new folder/imt_sdk_win_64/winavr/bin/../lib/gcc/avr/4.3.3/avr5\libgcc.a(_mul_sf.o)
 .data          0x00800063        0x0 c:/new folder/imt_sdk_win_64/winavr/bin/../lib/gcc/avr/4.3.3/avr5\libgcc.a(_div_sf.o)
 .data          0x00800063        0x0 c:/new folder/imt_sdk_win_64/winavr/bin/../lib/gcc/avr/4.3.3/avr5\libgcc.a(_gt_sf.o)
 .data          0x00800063        0x0 c:/new folder/imt_sdk_win_64/winavr/bin/../lib/gcc/avr/4.3.3/avr5\libgcc.a(_ge_sf.o)
 .data          0x00800063        0x0 c:/new folder/imt_sdk_win_64/winavr/bin/../lib/gcc/avr/4.3.3/avr5\libgcc.a(_lt_sf.o)
 .data          0x00800063        0x0 c:/new folder/imt_sdk_win_64/winavr/bin/../lib/gcc/avr/4.3.3/avr5\libgcc.a(_sf_to_si.o)
 .data          0x00800063        0x8 c:/new folder/imt_sdk_win_64/winavr/bin/../lib/gcc/avr/4.3.3/avr5\libgcc.a(_thenan_sf.o)
                0x00800063                __thenan_sf
 .data          0x0080006b        0x0 c:/new folder/imt_sdk_win_64/winavr/bin/../lib/gcc/avr/4.3.3/avr5\libgcc.a(_usi_to_sf.o)
 .data          0x0080006b        0x0 c:/new folder/imt_sdk_win_64/winavr/bin/../lib/gcc/avr/4.3.3/avr5\libgcc.a(_prologue.o)
 .data          0x0080006b        0x0 c:/new folder/imt_sdk_win_64/winavr/bin/../lib/gcc/avr/4.3.3/avr5\libgcc.a(_epilogue.o)
 .data          0x0080006b        0x0 c:/new folder/imt_sdk_win_64/winavr/bin/../lib/gcc/avr/4.3.3/avr5\libgcc.a(_clzsi2.o)
 .data          0x0080006b        0x0 c:/new folder/imt_sdk_win_64/winavr/bin/../lib/gcc/avr/4.3.3/avr5\libgcc.a(_pack_sf.o)
 .data          0x0080006b        0x0 c:/new folder/imt_sdk_win_64/winavr/bin/../lib/gcc/avr/4.3.3/avr5\libgcc.a(_unpack_sf.o)
 .data          0x0080006b        0x0 c:/new folder/imt_sdk_win_64/winavr/bin/../lib/gcc/avr/4.3.3/avr5\libgcc.a(_fpcmp_parts_sf.o)
 .data          0x0080006b      0x100 c:/new folder/imt_sdk_win_64/winavr/bin/../lib/gcc/avr/4.3.3/avr5\libgcc.a(_clz.o)
                0x0080006b                __clz_tab
 .data          0x0080016b        0x0 c:/new folder/imt_sdk_win_64/winavr/bin/../lib/gcc/avr/4.3.3/../../../../avr/lib/avr5\libc.a(memset.o)
 .data          0x0080016b        0x0 c:/new folder/imt_sdk_win_64/winavr/bin/../lib/gcc/avr/4.3.3/../../../../avr/lib/avr5\libc.a(sprintf.o)
 .data          0x0080016b        0x0 c:/new folder/imt_sdk_win_64/winavr/bin/../lib/gcc/avr/4.3.3/../../../../avr/lib/avr5\libc.a(vfprintf_std.o)
 .data          0x0080016b        0x0 c:/new folder/imt_sdk_win_64/winavr/bin/../lib/gcc/avr/4.3.3/../../../../avr/lib/avr5\libc.a(strnlen_P.o)
 .data          0x0080016b        0x0 c:/new folder/imt_sdk_win_64/winavr/bin/../lib/gcc/avr/4.3.3/../../../../avr/lib/avr5\libc.a(strnlen.o)
 .data          0x0080016b        0x0 c:/new folder/imt_sdk_win_64/winavr/bin/../lib/gcc/avr/4.3.3/../../../../avr/lib/avr5\libc.a(fputc.o)
 .data          0x0080016b        0x0 c:/new folder/imt_sdk_win_64/winavr/bin/../lib/gcc/avr/4.3.3/../../../../avr/lib/avr5\libc.a(ultoa_invert.o)
 *(.data*)
 .data.DDR_register
                0x0080016b        0x8 ./MCAL_Layer/01-GPIO/MCAL_GPIO.o
                0x0080016b                DDR_register
 .data.PORT_register
                0x00800173        0x8 ./MCAL_Layer/01-GPIO/MCAL_GPIO.o
                0x00800173                PORT_register
 .data.PIN_register
                0x0080017b        0x8 ./MCAL_Layer/01-GPIO/MCAL_GPIO.o
                0x0080017b                PIN_register
 .data.CommCathArr
                0x00800183        0xa ./ECU_Layer/ECU_SEVEN_SEG/ECU_SEVEN_SEG.o
 .data.CommCathArr
                0x0080018d        0xa ./ECU_Layer/ECU_LAYER_INIT.o
 .data.keypad1  0x00800197        0x8 ./ECU_Layer/ECU_LAYER_INIT.o
                0x00800197                keypad1
 .data.lcd1     0x0080019f        0x6 ./ECU_Layer/ECU_LAYER_INIT.o
                0x0080019f                lcd1
 .data.lcd2     0x008001a5        0xa ./ECU_Layer/ECU_LAYER_INIT.o
                0x008001a5                lcd2
 .data.CommCathArr
                0x008001af        0xa ./Application.o
 .data.adc1     0x008001b9        0x5 ./Application.o
                0x008001b9                adc1
 *(.rodata)
 *(.rodata*)
 .rodata.btn_values
                0x008001be       0x10 ./ECU_Layer/KEYPAD/ECU_KEYPAD.o
 .rodata.btn_values_int
                0x008001ce       0x10 ./ECU_Layer/KEYPAD/ECU_KEYPAD.o
 *(.gnu.linkonce.d*)
                0x008001de                . = ALIGN (0x2)
                0x008001de                _edata = .
                0x008001de                PROVIDE (__data_end, .)

.bss            0x008001de       0x15
                0x008001de                PROVIDE (__bss_start, .)
 *(.bss)
 .bss           0x008001de        0x0 c:/new folder/imt_sdk_win_64/winavr/bin/../lib/gcc/avr/4.3.3/../../../../avr/lib/avr5/crtm32.o
 .bss           0x008001de        0x0 ./MCAL_Layer/Interrupt/mcal_external_interrupt.o
 .bss           0x008001de        0x0 ./MCAL_Layer/Interrupt/mcal_internal_interrupt.o
 .bss           0x008001de        0x0 ./MCAL_Layer/Interrupt/mcal_interrupt_manager.o
 .bss           0x008001de        0x0 ./MCAL_Layer/04-ADC/MCAL_ADC.o
 .bss           0x008001de        0x0 ./MCAL_Layer/03-EEPROM/MCAL_EEPROM.o
 .bss           0x008001de        0x0 ./MCAL_Layer/01-GPIO/MCAL_GPIO.o
 .bss           0x008001de        0x0 ./ECU_Layer/RELAY/ECU_RELAY.o
 .bss           0x008001de        0x0 ./ECU_Layer/PUSH_BUTTON/ECU_PB.o
 .bss           0x008001de        0x0 ./ECU_Layer/LED/ECU_LED.o
 .bss           0x008001de        0x0 ./ECU_Layer/LCD/ECU_CHR_LCD.o
 .bss           0x008001de        0x0 ./ECU_Layer/KEYPAD/ECU_KEYPAD.o
 .bss           0x008001de        0x0 ./ECU_Layer/ECU_SEVEN_SEG/ECU_SEVEN_SEG.o
 .bss           0x008001de        0x0 ./ECU_Layer/DC_Motor/ECU_DC_Motor.o
 .bss           0x008001de        0x0 ./ECU_Layer/ECU_LAYER_INIT.o
 .bss           0x008001de        0x0 ./Application.o
 .bss           0x008001de        0x0 c:/new folder/imt_sdk_win_64/winavr/bin/../lib/gcc/avr/4.3.3/avr5\libgcc.a(_udivmodqi4.o)
 .bss           0x008001de        0x0 c:/new folder/imt_sdk_win_64/winavr/bin/../lib/gcc/avr/4.3.3/avr5\libgcc.a(_udivmodhi4.o)
 .bss           0x008001de        0x0 c:/new folder/imt_sdk_win_64/winavr/bin/../lib/gcc/avr/4.3.3/avr5\libgcc.a(_exit.o)
 .bss           0x008001de        0x0 c:/new folder/imt_sdk_win_64/winavr/bin/../lib/gcc/avr/4.3.3/avr5\libgcc.a(_copy_data.o)
 .bss           0x008001de        0x0 c:/new folder/imt_sdk_win_64/winavr/bin/../lib/gcc/avr/4.3.3/avr5\libgcc.a(_clear_bss.o)
 .bss           0x008001de        0x0 c:/new folder/imt_sdk_win_64/winavr/bin/../lib/gcc/avr/4.3.3/avr5\libgcc.a(_fixunssfsi.o)
 .bss           0x008001de        0x0 c:/new folder/imt_sdk_win_64/winavr/bin/../lib/gcc/avr/4.3.3/avr5\libgcc.a(_addsub_sf.o)
 .bss           0x008001de        0x0 c:/new folder/imt_sdk_win_64/winavr/bin/../lib/gcc/avr/4.3.3/avr5\libgcc.a(_mul_sf.o)
 .bss           0x008001de        0x0 c:/new folder/imt_sdk_win_64/winavr/bin/../lib/gcc/avr/4.3.3/avr5\libgcc.a(_div_sf.o)
 .bss           0x008001de        0x0 c:/new folder/imt_sdk_win_64/winavr/bin/../lib/gcc/avr/4.3.3/avr5\libgcc.a(_gt_sf.o)
 .bss           0x008001de        0x0 c:/new folder/imt_sdk_win_64/winavr/bin/../lib/gcc/avr/4.3.3/avr5\libgcc.a(_ge_sf.o)
 .bss           0x008001de        0x0 c:/new folder/imt_sdk_win_64/winavr/bin/../lib/gcc/avr/4.3.3/avr5\libgcc.a(_lt_sf.o)
 .bss           0x008001de        0x0 c:/new folder/imt_sdk_win_64/winavr/bin/../lib/gcc/avr/4.3.3/avr5\libgcc.a(_sf_to_si.o)
 .bss           0x008001de        0x0 c:/new folder/imt_sdk_win_64/winavr/bin/../lib/gcc/avr/4.3.3/avr5\libgcc.a(_thenan_sf.o)
 .bss           0x008001de        0x0 c:/new folder/imt_sdk_win_64/winavr/bin/../lib/gcc/avr/4.3.3/avr5\libgcc.a(_usi_to_sf.o)
 .bss           0x008001de        0x0 c:/new folder/imt_sdk_win_64/winavr/bin/../lib/gcc/avr/4.3.3/avr5\libgcc.a(_prologue.o)
 .bss           0x008001de        0x0 c:/new folder/imt_sdk_win_64/winavr/bin/../lib/gcc/avr/4.3.3/avr5\libgcc.a(_epilogue.o)
 .bss           0x008001de        0x0 c:/new folder/imt_sdk_win_64/winavr/bin/../lib/gcc/avr/4.3.3/avr5\libgcc.a(_clzsi2.o)
 .bss           0x008001de        0x0 c:/new folder/imt_sdk_win_64/winavr/bin/../lib/gcc/avr/4.3.3/avr5\libgcc.a(_pack_sf.o)
 .bss           0x008001de        0x0 c:/new folder/imt_sdk_win_64/winavr/bin/../lib/gcc/avr/4.3.3/avr5\libgcc.a(_unpack_sf.o)
 .bss           0x008001de        0x0 c:/new folder/imt_sdk_win_64/winavr/bin/../lib/gcc/avr/4.3.3/avr5\libgcc.a(_fpcmp_parts_sf.o)
 .bss           0x008001de        0x0 c:/new folder/imt_sdk_win_64/winavr/bin/../lib/gcc/avr/4.3.3/avr5\libgcc.a(_clz.o)
 .bss           0x008001de        0x0 c:/new folder/imt_sdk_win_64/winavr/bin/../lib/gcc/avr/4.3.3/../../../../avr/lib/avr5\libc.a(memset.o)
 .bss           0x008001de        0x0 c:/new folder/imt_sdk_win_64/winavr/bin/../lib/gcc/avr/4.3.3/../../../../avr/lib/avr5\libc.a(sprintf.o)
 .bss           0x008001de        0x0 c:/new folder/imt_sdk_win_64/winavr/bin/../lib/gcc/avr/4.3.3/../../../../avr/lib/avr5\libc.a(vfprintf_std.o)
 .bss           0x008001de        0x0 c:/new folder/imt_sdk_win_64/winavr/bin/../lib/gcc/avr/4.3.3/../../../../avr/lib/avr5\libc.a(strnlen_P.o)
 .bss           0x008001de        0x0 c:/new folder/imt_sdk_win_64/winavr/bin/../lib/gcc/avr/4.3.3/../../../../avr/lib/avr5\libc.a(strnlen.o)
 .bss           0x008001de        0x0 c:/new folder/imt_sdk_win_64/winavr/bin/../lib/gcc/avr/4.3.3/../../../../avr/lib/avr5\libc.a(fputc.o)
 .bss           0x008001de        0x0 c:/new folder/imt_sdk_win_64/winavr/bin/../lib/gcc/avr/4.3.3/../../../../avr/lib/avr5\libc.a(ultoa_invert.o)
 *(.bss*)
 .bss.INT0_InterruptHandler
                0x008001de        0x2 ./MCAL_Layer/Interrupt/mcal_external_interrupt.o
 .bss.INT1_InterruptHandler
                0x008001e0        0x2 ./MCAL_Layer/Interrupt/mcal_external_interrupt.o
 .bss.INT2_InterruptHandler
                0x008001e2        0x2 ./MCAL_Layer/Interrupt/mcal_external_interrupt.o
 .bss.ADC_InterruptHandler
                0x008001e4        0x2 ./MCAL_Layer/04-ADC/MCAL_ADC.o
 .bss.motor_pin1
                0x008001e6        0x1 ./ECU_Layer/DC_Motor/ECU_DC_Motor.o
 .bss.motor_pin2
                0x008001e7        0x1 ./ECU_Layer/DC_Motor/ECU_DC_Motor.o
 .bss.adc_res_1
                0x008001e8        0x2 ./Application.o
                0x008001e8                adc_res_1
 .bss.adc_res_2
                0x008001ea        0x2 ./Application.o
                0x008001ea                adc_res_2
 .bss.lm_35     0x008001ec        0x2 ./Application.o
                0x008001ec                lm_35
 .bss.Res_vol1  0x008001ee        0x1 ./Application.o
                0x008001ee                Res_vol1
 .bss.Res_vol2  0x008001ef        0x1 ./Application.o
                0x008001ef                Res_vol2
 .bss.adc_req   0x008001f0        0x1 ./Application.o
                0x008001f0                adc_req
 *(COMMON)
 COMMON         0x008001f1        0x2 ./Application.o
                0x008001f1                adc_flag
                0x008001f2                ret
                0x008001f3                PROVIDE (__bss_end, .)
                0x000047ac                __data_load_start = LOADADDR (.data)
                0x0000492a                __data_load_end = (__data_load_start + SIZEOF (.data))

.noinit         0x008001f3        0x0
                0x008001f3                PROVIDE (__noinit_start, .)
 *(.noinit*)
                0x008001f3                PROVIDE (__noinit_end, .)
                0x008001f3                _end = .
                0x008001f3                PROVIDE (__heap_start, .)

.eeprom         0x00810000        0x0
 *(.eeprom*)
                0x00810000                __eeprom_end = .

.fuse
 *(.fuse)
 *(.lfuse)
 *(.hfuse)
 *(.efuse)

.lock
 *(.lock*)

.signature
 *(.signature*)

.stab           0x00000000     0x6960
 *(.stab)
 .stab          0x00000000      0xe10 ./MCAL_Layer/Interrupt/mcal_external_interrupt.o
 .stab          0x00000e10      0x168 ./MCAL_Layer/Interrupt/mcal_internal_interrupt.o
                                0x480 (size before relaxing)
 .stab          0x00000f78      0x354 ./MCAL_Layer/Interrupt/mcal_interrupt_manager.o
                                0x540 (size before relaxing)
 .stab          0x000012cc      0xa14 ./MCAL_Layer/04-ADC/MCAL_ADC.o
                                0xc00 (size before relaxing)
 .stab          0x00001ce0      0x4c8 ./MCAL_Layer/03-EEPROM/MCAL_EEPROM.o
                                0x6b4 (size before relaxing)
 .stab          0x000021a8      0x918 ./MCAL_Layer/01-GPIO/MCAL_GPIO.o
                                0xae0 (size before relaxing)
 .stab          0x00002ac0      0x558 ./ECU_Layer/RELAY/ECU_RELAY.o
                                0x720 (size before relaxing)
 .stab          0x00003018      0x438 ./ECU_Layer/PUSH_BUTTON/ECU_PB.o
                                0x600 (size before relaxing)
 .stab          0x00003450      0x570 ./ECU_Layer/LED/ECU_LED.o
                                0x738 (size before relaxing)
 .stab          0x000039c0     0x1b24 ./ECU_Layer/LCD/ECU_CHR_LCD.o
                               0x1cec (size before relaxing)
 .stab          0x000054e4      0x5a0 ./ECU_Layer/KEYPAD/ECU_KEYPAD.o
                                0x768 (size before relaxing)
 .stab          0x00005a84      0x438 ./ECU_Layer/ECU_SEVEN_SEG/ECU_SEVEN_SEG.o
                                0x600 (size before relaxing)
 .stab          0x00005ebc      0x4e0 ./ECU_Layer/DC_Motor/ECU_DC_Motor.o
                                0x6a8 (size before relaxing)
 .stab          0x0000639c      0x294 ./ECU_Layer/ECU_LAYER_INIT.o
                                0x618 (size before relaxing)
 .stab          0x00006630      0x330 ./Application.o
                                0x7b0 (size before relaxing)

.stabstr        0x00000000     0x3a00
 *(.stabstr)
 .stabstr       0x00000000     0x3a00 ./MCAL_Layer/Interrupt/mcal_external_interrupt.o

.stab.excl
 *(.stab.excl)

.stab.exclstr
 *(.stab.exclstr)

.stab.index
 *(.stab.index)

.stab.indexstr
 *(.stab.indexstr)

.comment
 *(.comment)

.debug
 *(.debug)

.line
 *(.line)

.debug_srcinfo
 *(.debug_srcinfo)

.debug_sfnames
 *(.debug_sfnames)

.debug_aranges  0x00000000      0x1a0
 *(.debug_aranges)
 .debug_aranges
                0x00000000       0x20 c:/new folder/imt_sdk_win_64/winavr/bin/../lib/gcc/avr/4.3.3/avr5\libgcc.a(_fixunssfsi.o)
 .debug_aranges
                0x00000020       0x20 c:/new folder/imt_sdk_win_64/winavr/bin/../lib/gcc/avr/4.3.3/avr5\libgcc.a(_addsub_sf.o)
 .debug_aranges
                0x00000040       0x20 c:/new folder/imt_sdk_win_64/winavr/bin/../lib/gcc/avr/4.3.3/avr5\libgcc.a(_mul_sf.o)
 .debug_aranges
                0x00000060       0x20 c:/new folder/imt_sdk_win_64/winavr/bin/../lib/gcc/avr/4.3.3/avr5\libgcc.a(_div_sf.o)
 .debug_aranges
                0x00000080       0x20 c:/new folder/imt_sdk_win_64/winavr/bin/../lib/gcc/avr/4.3.3/avr5\libgcc.a(_gt_sf.o)
 .debug_aranges
                0x000000a0       0x20 c:/new folder/imt_sdk_win_64/winavr/bin/../lib/gcc/avr/4.3.3/avr5\libgcc.a(_ge_sf.o)
 .debug_aranges
                0x000000c0       0x20 c:/new folder/imt_sdk_win_64/winavr/bin/../lib/gcc/avr/4.3.3/avr5\libgcc.a(_lt_sf.o)
 .debug_aranges
                0x000000e0       0x20 c:/new folder/imt_sdk_win_64/winavr/bin/../lib/gcc/avr/4.3.3/avr5\libgcc.a(_sf_to_si.o)
 .debug_aranges
                0x00000100       0x20 c:/new folder/imt_sdk_win_64/winavr/bin/../lib/gcc/avr/4.3.3/avr5\libgcc.a(_usi_to_sf.o)
 .debug_aranges
                0x00000120       0x20 c:/new folder/imt_sdk_win_64/winavr/bin/../lib/gcc/avr/4.3.3/avr5\libgcc.a(_clzsi2.o)
 .debug_aranges
                0x00000140       0x20 c:/new folder/imt_sdk_win_64/winavr/bin/../lib/gcc/avr/4.3.3/avr5\libgcc.a(_pack_sf.o)
 .debug_aranges
                0x00000160       0x20 c:/new folder/imt_sdk_win_64/winavr/bin/../lib/gcc/avr/4.3.3/avr5\libgcc.a(_unpack_sf.o)
 .debug_aranges
                0x00000180       0x20 c:/new folder/imt_sdk_win_64/winavr/bin/../lib/gcc/avr/4.3.3/avr5\libgcc.a(_fpcmp_parts_sf.o)

.debug_pubnames
                0x00000000      0x1f2
 *(.debug_pubnames)
 .debug_pubnames
                0x00000000       0x23 c:/new folder/imt_sdk_win_64/winavr/bin/../lib/gcc/avr/4.3.3/avr5\libgcc.a(_fixunssfsi.o)
 .debug_pubnames
                0x00000023       0x2c c:/new folder/imt_sdk_win_64/winavr/bin/../lib/gcc/avr/4.3.3/avr5\libgcc.a(_addsub_sf.o)
 .debug_pubnames
                0x0000004f       0x1f c:/new folder/imt_sdk_win_64/winavr/bin/../lib/gcc/avr/4.3.3/avr5\libgcc.a(_mul_sf.o)
 .debug_pubnames
                0x0000006e       0x1f c:/new folder/imt_sdk_win_64/winavr/bin/../lib/gcc/avr/4.3.3/avr5\libgcc.a(_div_sf.o)
 .debug_pubnames
                0x0000008d       0x1e c:/new folder/imt_sdk_win_64/winavr/bin/../lib/gcc/avr/4.3.3/avr5\libgcc.a(_gt_sf.o)
 .debug_pubnames
                0x000000ab       0x1e c:/new folder/imt_sdk_win_64/winavr/bin/../lib/gcc/avr/4.3.3/avr5\libgcc.a(_ge_sf.o)
 .debug_pubnames
                0x000000c9       0x1e c:/new folder/imt_sdk_win_64/winavr/bin/../lib/gcc/avr/4.3.3/avr5\libgcc.a(_lt_sf.o)
 .debug_pubnames
                0x000000e7       0x20 c:/new folder/imt_sdk_win_64/winavr/bin/../lib/gcc/avr/4.3.3/avr5\libgcc.a(_sf_to_si.o)
 .debug_pubnames
                0x00000107       0x22 c:/new folder/imt_sdk_win_64/winavr/bin/../lib/gcc/avr/4.3.3/avr5\libgcc.a(_thenan_sf.o)
 .debug_pubnames
                0x00000129       0x24 c:/new folder/imt_sdk_win_64/winavr/bin/../lib/gcc/avr/4.3.3/avr5\libgcc.a(_usi_to_sf.o)
 .debug_pubnames
                0x0000014d       0x1f c:/new folder/imt_sdk_win_64/winavr/bin/../lib/gcc/avr/4.3.3/avr5\libgcc.a(_clzsi2.o)
 .debug_pubnames
                0x0000016c       0x1f c:/new folder/imt_sdk_win_64/winavr/bin/../lib/gcc/avr/4.3.3/avr5\libgcc.a(_pack_sf.o)
 .debug_pubnames
                0x0000018b       0x21 c:/new folder/imt_sdk_win_64/winavr/bin/../lib/gcc/avr/4.3.3/avr5\libgcc.a(_unpack_sf.o)
 .debug_pubnames
                0x000001ac       0x26 c:/new folder/imt_sdk_win_64/winavr/bin/../lib/gcc/avr/4.3.3/avr5\libgcc.a(_fpcmp_parts_sf.o)
 .debug_pubnames
                0x000001d2       0x20 c:/new folder/imt_sdk_win_64/winavr/bin/../lib/gcc/avr/4.3.3/avr5\libgcc.a(_clz.o)

.debug_info     0x00000000     0x240b
 *(.debug_info)
 .debug_info    0x00000000       0xb1 c:/new folder/imt_sdk_win_64/winavr/bin/../lib/gcc/avr/4.3.3/avr5\libgcc.a(_fixunssfsi.o)
 .debug_info    0x000000b1      0x47a c:/new folder/imt_sdk_win_64/winavr/bin/../lib/gcc/avr/4.3.3/avr5\libgcc.a(_addsub_sf.o)
 .debug_info    0x0000052b      0x485 c:/new folder/imt_sdk_win_64/winavr/bin/../lib/gcc/avr/4.3.3/avr5\libgcc.a(_mul_sf.o)
 .debug_info    0x000009b0      0x3fc c:/new folder/imt_sdk_win_64/winavr/bin/../lib/gcc/avr/4.3.3/avr5\libgcc.a(_div_sf.o)
 .debug_info    0x00000dac      0x27f c:/new folder/imt_sdk_win_64/winavr/bin/../lib/gcc/avr/4.3.3/avr5\libgcc.a(_gt_sf.o)
 .debug_info    0x0000102b      0x27f c:/new folder/imt_sdk_win_64/winavr/bin/../lib/gcc/avr/4.3.3/avr5\libgcc.a(_ge_sf.o)
 .debug_info    0x000012aa      0x27f c:/new folder/imt_sdk_win_64/winavr/bin/../lib/gcc/avr/4.3.3/avr5\libgcc.a(_lt_sf.o)
 .debug_info    0x00001529      0x2b0 c:/new folder/imt_sdk_win_64/winavr/bin/../lib/gcc/avr/4.3.3/avr5\libgcc.a(_sf_to_si.o)
 .debug_info    0x000017d9      0x12c c:/new folder/imt_sdk_win_64/winavr/bin/../lib/gcc/avr/4.3.3/avr5\libgcc.a(_thenan_sf.o)
 .debug_info    0x00001905      0x206 c:/new folder/imt_sdk_win_64/winavr/bin/../lib/gcc/avr/4.3.3/avr5\libgcc.a(_usi_to_sf.o)
 .debug_info    0x00001b0b      0x117 c:/new folder/imt_sdk_win_64/winavr/bin/../lib/gcc/avr/4.3.3/avr5\libgcc.a(_clzsi2.o)
 .debug_info    0x00001c22      0x2df c:/new folder/imt_sdk_win_64/winavr/bin/../lib/gcc/avr/4.3.3/avr5\libgcc.a(_pack_sf.o)
 .debug_info    0x00001f01      0x251 c:/new folder/imt_sdk_win_64/winavr/bin/../lib/gcc/avr/4.3.3/avr5\libgcc.a(_unpack_sf.o)
 .debug_info    0x00002152      0x210 c:/new folder/imt_sdk_win_64/winavr/bin/../lib/gcc/avr/4.3.3/avr5\libgcc.a(_fpcmp_parts_sf.o)
 .debug_info    0x00002362       0xa9 c:/new folder/imt_sdk_win_64/winavr/bin/../lib/gcc/avr/4.3.3/avr5\libgcc.a(_clz.o)
 *(.gnu.linkonce.wi.*)

.debug_abbrev   0x00000000     0x1386
 *(.debug_abbrev)
 .debug_abbrev  0x00000000       0x5d c:/new folder/imt_sdk_win_64/winavr/bin/../lib/gcc/avr/4.3.3/avr5\libgcc.a(_fixunssfsi.o)
 .debug_abbrev  0x0000005d      0x1ea c:/new folder/imt_sdk_win_64/winavr/bin/../lib/gcc/avr/4.3.3/avr5\libgcc.a(_addsub_sf.o)
 .debug_abbrev  0x00000247      0x21b c:/new folder/imt_sdk_win_64/winavr/bin/../lib/gcc/avr/4.3.3/avr5\libgcc.a(_mul_sf.o)
 .debug_abbrev  0x00000462      0x216 c:/new folder/imt_sdk_win_64/winavr/bin/../lib/gcc/avr/4.3.3/avr5\libgcc.a(_div_sf.o)
 .debug_abbrev  0x00000678      0x15a c:/new folder/imt_sdk_win_64/winavr/bin/../lib/gcc/avr/4.3.3/avr5\libgcc.a(_gt_sf.o)
 .debug_abbrev  0x000007d2      0x15a c:/new folder/imt_sdk_win_64/winavr/bin/../lib/gcc/avr/4.3.3/avr5\libgcc.a(_ge_sf.o)
 .debug_abbrev  0x0000092c      0x15a c:/new folder/imt_sdk_win_64/winavr/bin/../lib/gcc/avr/4.3.3/avr5\libgcc.a(_lt_sf.o)
 .debug_abbrev  0x00000a86      0x17f c:/new folder/imt_sdk_win_64/winavr/bin/../lib/gcc/avr/4.3.3/avr5\libgcc.a(_sf_to_si.o)
 .debug_abbrev  0x00000c05       0xad c:/new folder/imt_sdk_win_64/winavr/bin/../lib/gcc/avr/4.3.3/avr5\libgcc.a(_thenan_sf.o)
 .debug_abbrev  0x00000cb2      0x157 c:/new folder/imt_sdk_win_64/winavr/bin/../lib/gcc/avr/4.3.3/avr5\libgcc.a(_usi_to_sf.o)
 .debug_abbrev  0x00000e09       0xc4 c:/new folder/imt_sdk_win_64/winavr/bin/../lib/gcc/avr/4.3.3/avr5\libgcc.a(_clzsi2.o)
 .debug_abbrev  0x00000ecd      0x1c0 c:/new folder/imt_sdk_win_64/winavr/bin/../lib/gcc/avr/4.3.3/avr5\libgcc.a(_pack_sf.o)
 .debug_abbrev  0x0000108d      0x154 c:/new folder/imt_sdk_win_64/winavr/bin/../lib/gcc/avr/4.3.3/avr5\libgcc.a(_unpack_sf.o)
 .debug_abbrev  0x000011e1      0x13b c:/new folder/imt_sdk_win_64/winavr/bin/../lib/gcc/avr/4.3.3/avr5\libgcc.a(_fpcmp_parts_sf.o)
 .debug_abbrev  0x0000131c       0x6a c:/new folder/imt_sdk_win_64/winavr/bin/../lib/gcc/avr/4.3.3/avr5\libgcc.a(_clz.o)

.debug_line     0x00000000     0x11d6
 *(.debug_line)
 .debug_line    0x00000000       0xa7 c:/new folder/imt_sdk_win_64/winavr/bin/../lib/gcc/avr/4.3.3/avr5\libgcc.a(_fixunssfsi.o)
 .debug_line    0x000000a7      0x2af c:/new folder/imt_sdk_win_64/winavr/bin/../lib/gcc/avr/4.3.3/avr5\libgcc.a(_addsub_sf.o)
 .debug_line    0x00000356      0x239 c:/new folder/imt_sdk_win_64/winavr/bin/../lib/gcc/avr/4.3.3/avr5\libgcc.a(_mul_sf.o)
 .debug_line    0x0000058f      0x1d5 c:/new folder/imt_sdk_win_64/winavr/bin/../lib/gcc/avr/4.3.3/avr5\libgcc.a(_div_sf.o)
 .debug_line    0x00000764       0xd3 c:/new folder/imt_sdk_win_64/winavr/bin/../lib/gcc/avr/4.3.3/avr5\libgcc.a(_gt_sf.o)
 .debug_line    0x00000837       0xd3 c:/new folder/imt_sdk_win_64/winavr/bin/../lib/gcc/avr/4.3.3/avr5\libgcc.a(_ge_sf.o)
 .debug_line    0x0000090a       0xd3 c:/new folder/imt_sdk_win_64/winavr/bin/../lib/gcc/avr/4.3.3/avr5\libgcc.a(_lt_sf.o)
 .debug_line    0x000009dd      0x109 c:/new folder/imt_sdk_win_64/winavr/bin/../lib/gcc/avr/4.3.3/avr5\libgcc.a(_sf_to_si.o)
 .debug_line    0x00000ae6       0x90 c:/new folder/imt_sdk_win_64/winavr/bin/../lib/gcc/avr/4.3.3/avr5\libgcc.a(_thenan_sf.o)
 .debug_line    0x00000b76      0x133 c:/new folder/imt_sdk_win_64/winavr/bin/../lib/gcc/avr/4.3.3/avr5\libgcc.a(_usi_to_sf.o)
 .debug_line    0x00000ca9       0xa5 c:/new folder/imt_sdk_win_64/winavr/bin/../lib/gcc/avr/4.3.3/avr5\libgcc.a(_clzsi2.o)
 .debug_line    0x00000d4e      0x18a c:/new folder/imt_sdk_win_64/winavr/bin/../lib/gcc/avr/4.3.3/avr5\libgcc.a(_pack_sf.o)
 .debug_line    0x00000ed8      0x14b c:/new folder/imt_sdk_win_64/winavr/bin/../lib/gcc/avr/4.3.3/avr5\libgcc.a(_unpack_sf.o)
 .debug_line    0x00001023      0x137 c:/new folder/imt_sdk_win_64/winavr/bin/../lib/gcc/avr/4.3.3/avr5\libgcc.a(_fpcmp_parts_sf.o)
 .debug_line    0x0000115a       0x7c c:/new folder/imt_sdk_win_64/winavr/bin/../lib/gcc/avr/4.3.3/avr5\libgcc.a(_clz.o)

.debug_frame    0x00000000      0x1c0
 *(.debug_frame)
 .debug_frame   0x00000000       0x20 c:/new folder/imt_sdk_win_64/winavr/bin/../lib/gcc/avr/4.3.3/avr5\libgcc.a(_fixunssfsi.o)
 .debug_frame   0x00000020       0x40 c:/new folder/imt_sdk_win_64/winavr/bin/../lib/gcc/avr/4.3.3/avr5\libgcc.a(_addsub_sf.o)
 .debug_frame   0x00000060       0x20 c:/new folder/imt_sdk_win_64/winavr/bin/../lib/gcc/avr/4.3.3/avr5\libgcc.a(_mul_sf.o)
 .debug_frame   0x00000080       0x20 c:/new folder/imt_sdk_win_64/winavr/bin/../lib/gcc/avr/4.3.3/avr5\libgcc.a(_div_sf.o)
 .debug_frame   0x000000a0       0x20 c:/new folder/imt_sdk_win_64/winavr/bin/../lib/gcc/avr/4.3.3/avr5\libgcc.a(_gt_sf.o)
 .debug_frame   0x000000c0       0x20 c:/new folder/imt_sdk_win_64/winavr/bin/../lib/gcc/avr/4.3.3/avr5\libgcc.a(_ge_sf.o)
 .debug_frame   0x000000e0       0x20 c:/new folder/imt_sdk_win_64/winavr/bin/../lib/gcc/avr/4.3.3/avr5\libgcc.a(_lt_sf.o)
 .debug_frame   0x00000100       0x20 c:/new folder/imt_sdk_win_64/winavr/bin/../lib/gcc/avr/4.3.3/avr5\libgcc.a(_sf_to_si.o)
 .debug_frame   0x00000120       0x20 c:/new folder/imt_sdk_win_64/winavr/bin/../lib/gcc/avr/4.3.3/avr5\libgcc.a(_usi_to_sf.o)
 .debug_frame   0x00000140       0x20 c:/new folder/imt_sdk_win_64/winavr/bin/../lib/gcc/avr/4.3.3/avr5\libgcc.a(_clzsi2.o)
 .debug_frame   0x00000160       0x20 c:/new folder/imt_sdk_win_64/winavr/bin/../lib/gcc/avr/4.3.3/avr5\libgcc.a(_pack_sf.o)
 .debug_frame   0x00000180       0x20 c:/new folder/imt_sdk_win_64/winavr/bin/../lib/gcc/avr/4.3.3/avr5\libgcc.a(_unpack_sf.o)
 .debug_frame   0x000001a0       0x20 c:/new folder/imt_sdk_win_64/winavr/bin/../lib/gcc/avr/4.3.3/avr5\libgcc.a(_fpcmp_parts_sf.o)

.debug_str      0x00000000      0x2f6
 *(.debug_str)
 .debug_str     0x00000000       0xbf c:/new folder/imt_sdk_win_64/winavr/bin/../lib/gcc/avr/4.3.3/avr5\libgcc.a(_fixunssfsi.o)
                                 0xfe (size before relaxing)
 .debug_str     0x000000bf      0x14d c:/new folder/imt_sdk_win_64/winavr/bin/../lib/gcc/avr/4.3.3/avr5\libgcc.a(_addsub_sf.o)
                                0x206 (size before relaxing)
 .debug_str     0x0000020c       0x27 c:/new folder/imt_sdk_win_64/winavr/bin/../lib/gcc/avr/4.3.3/avr5\libgcc.a(_mul_sf.o)
                                0x1bf (size before relaxing)
 .debug_str     0x00000233       0x35 c:/new folder/imt_sdk_win_64/winavr/bin/../lib/gcc/avr/4.3.3/avr5\libgcc.a(_div_sf.o)
                                0x1c8 (size before relaxing)
 .debug_str     0x00000268        0x8 c:/new folder/imt_sdk_win_64/winavr/bin/../lib/gcc/avr/4.3.3/avr5\libgcc.a(_gt_sf.o)
                                0x195 (size before relaxing)
 .debug_str     0x00000270        0x8 c:/new folder/imt_sdk_win_64/winavr/bin/../lib/gcc/avr/4.3.3/avr5\libgcc.a(_ge_sf.o)
                                0x195 (size before relaxing)
 .debug_str     0x00000278        0x8 c:/new folder/imt_sdk_win_64/winavr/bin/../lib/gcc/avr/4.3.3/avr5\libgcc.a(_lt_sf.o)
                                0x195 (size before relaxing)
 .debug_str     0x00000280        0xa c:/new folder/imt_sdk_win_64/winavr/bin/../lib/gcc/avr/4.3.3/avr5\libgcc.a(_sf_to_si.o)
                                0x19e (size before relaxing)
 .debug_str     0x00000000      0x103 c:/new folder/imt_sdk_win_64/winavr/bin/../lib/gcc/avr/4.3.3/avr5\libgcc.a(_thenan_sf.o)
 .debug_str     0x0000028a       0x21 c:/new folder/imt_sdk_win_64/winavr/bin/../lib/gcc/avr/4.3.3/avr5\libgcc.a(_usi_to_sf.o)
                                0x177 (size before relaxing)
 .debug_str     0x000002ab       0x20 c:/new folder/imt_sdk_win_64/winavr/bin/../lib/gcc/avr/4.3.3/avr5\libgcc.a(_clzsi2.o)
                                0x111 (size before relaxing)
 .debug_str     0x000002cb       0x10 c:/new folder/imt_sdk_win_64/winavr/bin/../lib/gcc/avr/4.3.3/avr5\libgcc.a(_pack_sf.o)
                                0x19d (size before relaxing)
 .debug_str     0x000002db        0xb c:/new folder/imt_sdk_win_64/winavr/bin/../lib/gcc/avr/4.3.3/avr5\libgcc.a(_unpack_sf.o)
                                0x17f (size before relaxing)
 .debug_str     0x000002e6       0x10 c:/new folder/imt_sdk_win_64/winavr/bin/../lib/gcc/avr/4.3.3/avr5\libgcc.a(_fpcmp_parts_sf.o)
                                0x163 (size before relaxing)
 .debug_str     0x00000000       0xf4 c:/new folder/imt_sdk_win_64/winavr/bin/../lib/gcc/avr/4.3.3/avr5\libgcc.a(_clz.o)

.debug_loc      0x00000000      0x96e
 *(.debug_loc)
 .debug_loc     0x00000000       0x34 c:/new folder/imt_sdk_win_64/winavr/bin/../lib/gcc/avr/4.3.3/avr5\libgcc.a(_fixunssfsi.o)
 .debug_loc     0x00000034      0x32a c:/new folder/imt_sdk_win_64/winavr/bin/../lib/gcc/avr/4.3.3/avr5\libgcc.a(_addsub_sf.o)
 .debug_loc     0x0000035e      0x104 c:/new folder/imt_sdk_win_64/winavr/bin/../lib/gcc/avr/4.3.3/avr5\libgcc.a(_mul_sf.o)
 .debug_loc     0x00000462       0xc0 c:/new folder/imt_sdk_win_64/winavr/bin/../lib/gcc/avr/4.3.3/avr5\libgcc.a(_div_sf.o)
 .debug_loc     0x00000522       0x3c c:/new folder/imt_sdk_win_64/winavr/bin/../lib/gcc/avr/4.3.3/avr5\libgcc.a(_gt_sf.o)
 .debug_loc     0x0000055e       0x3c c:/new folder/imt_sdk_win_64/winavr/bin/../lib/gcc/avr/4.3.3/avr5\libgcc.a(_ge_sf.o)
 .debug_loc     0x0000059a       0x3c c:/new folder/imt_sdk_win_64/winavr/bin/../lib/gcc/avr/4.3.3/avr5\libgcc.a(_lt_sf.o)
 .debug_loc     0x000005d6       0x7e c:/new folder/imt_sdk_win_64/winavr/bin/../lib/gcc/avr/4.3.3/avr5\libgcc.a(_sf_to_si.o)
 .debug_loc     0x00000654       0x4c c:/new folder/imt_sdk_win_64/winavr/bin/../lib/gcc/avr/4.3.3/avr5\libgcc.a(_usi_to_sf.o)
 .debug_loc     0x000006a0       0x94 c:/new folder/imt_sdk_win_64/winavr/bin/../lib/gcc/avr/4.3.3/avr5\libgcc.a(_clzsi2.o)
 .debug_loc     0x00000734      0x13e c:/new folder/imt_sdk_win_64/winavr/bin/../lib/gcc/avr/4.3.3/avr5\libgcc.a(_pack_sf.o)
 .debug_loc     0x00000872       0xac c:/new folder/imt_sdk_win_64/winavr/bin/../lib/gcc/avr/4.3.3/avr5\libgcc.a(_unpack_sf.o)
 .debug_loc     0x0000091e       0x50 c:/new folder/imt_sdk_win_64/winavr/bin/../lib/gcc/avr/4.3.3/avr5\libgcc.a(_fpcmp_parts_sf.o)

.debug_macinfo
 *(.debug_macinfo)
OUTPUT(Application.elf elf32-avr)
LOAD linker stubs

.debug_ranges   0x00000000       0x50
 .debug_ranges  0x00000000       0x50 c:/new folder/imt_sdk_win_64/winavr/bin/../lib/gcc/avr/4.3.3/avr5\libgcc.a(_mul_sf.o)
