Archive member included because of file (symbol)

c:/new folder/imt_sdk_win_64/winavr/bin/../lib/gcc/avr/4.3.3/avr5\libgcc.a(_udivmodqi4.o)
                              ./ECU_Layer/LCD/ECU_CHR_LCD.o (__udivmodqi4)
c:/new folder/imt_sdk_win_64/winavr/bin/../lib/gcc/avr/4.3.3/avr5\libgcc.a(_udivmodhi4.o)
                              ./ECU_Layer/LCD/ECU_CHR_LCD.o (__udivmodhi4)
c:/new folder/imt_sdk_win_64/winavr/bin/../lib/gcc/avr/4.3.3/avr5\libgcc.a(_exit.o)
                              c:/new folder/imt_sdk_win_64/winavr/bin/../lib/gcc/avr/4.3.3/../../../../avr/lib/avr5/crtm32.o (exit)
c:/new folder/imt_sdk_win_64/winavr/bin/../lib/gcc/avr/4.3.3/avr5\libgcc.a(_copy_data.o)
                              ./MCAL_Layer/01-GPIO/MCAL_GPIO.o (__do_copy_data)
c:/new folder/imt_sdk_win_64/winavr/bin/../lib/gcc/avr/4.3.3/avr5\libgcc.a(_clear_bss.o)
                              ./MCAL_Layer/Interrupt/mcal_external_interrupt.o (__do_clear_bss)
c:/new folder/imt_sdk_win_64/winavr/bin/../lib/gcc/avr/4.3.3/avr5\libgcc.a(_fixunssfsi.o)
                              ./ECU_Layer/LCD/ECU_CHR_LCD.o (__fixunssfsi)
c:/new folder/imt_sdk_win_64/winavr/bin/../lib/gcc/avr/4.3.3/avr5\libgcc.a(_addsub_sf.o)
                              c:/new folder/imt_sdk_win_64/winavr/bin/../lib/gcc/avr/4.3.3/avr5\libgcc.a(_fixunssfsi.o) (__subsf3)
c:/new folder/imt_sdk_win_64/winavr/bin/../lib/gcc/avr/4.3.3/avr5\libgcc.a(_mul_sf.o)
                              ./ECU_Layer/LCD/ECU_CHR_LCD.o (__mulsf3)
c:/new folder/imt_sdk_win_64/winavr/bin/../lib/gcc/avr/4.3.3/avr5\libgcc.a(_gt_sf.o)
                              ./ECU_Layer/LCD/ECU_CHR_LCD.o (__gtsf2)
c:/new folder/imt_sdk_win_64/winavr/bin/../lib/gcc/avr/4.3.3/avr5\libgcc.a(_ge_sf.o)
                              c:/new folder/imt_sdk_win_64/winavr/bin/../lib/gcc/avr/4.3.3/avr5\libgcc.a(_fixunssfsi.o) (__gesf2)
c:/new folder/imt_sdk_win_64/winavr/bin/../lib/gcc/avr/4.3.3/avr5\libgcc.a(_lt_sf.o)
                              ./ECU_Layer/LCD/ECU_CHR_LCD.o (__ltsf2)
c:/new folder/imt_sdk_win_64/winavr/bin/../lib/gcc/avr/4.3.3/avr5\libgcc.a(_sf_to_si.o)
                              c:/new folder/imt_sdk_win_64/winavr/bin/../lib/gcc/avr/4.3.3/avr5\libgcc.a(_fixunssfsi.o) (__fixsfsi)
c:/new folder/imt_sdk_win_64/winavr/bin/../lib/gcc/avr/4.3.3/avr5\libgcc.a(_thenan_sf.o)
                              c:/new folder/imt_sdk_win_64/winavr/bin/../lib/gcc/avr/4.3.3/avr5\libgcc.a(_addsub_sf.o) (__thenan_sf)
c:/new folder/imt_sdk_win_64/winavr/bin/../lib/gcc/avr/4.3.3/avr5\libgcc.a(_prologue.o)
                              c:/new folder/imt_sdk_win_64/winavr/bin/../lib/gcc/avr/4.3.3/avr5\libgcc.a(_addsub_sf.o) (__prologue_saves__)
c:/new folder/imt_sdk_win_64/winavr/bin/../lib/gcc/avr/4.3.3/avr5\libgcc.a(_epilogue.o)
                              c:/new folder/imt_sdk_win_64/winavr/bin/../lib/gcc/avr/4.3.3/avr5\libgcc.a(_addsub_sf.o) (__epilogue_restores__)
c:/new folder/imt_sdk_win_64/winavr/bin/../lib/gcc/avr/4.3.3/avr5\libgcc.a(_pack_sf.o)
                              c:/new folder/imt_sdk_win_64/winavr/bin/../lib/gcc/avr/4.3.3/avr5\libgcc.a(_addsub_sf.o) (__pack_f)
c:/new folder/imt_sdk_win_64/winavr/bin/../lib/gcc/avr/4.3.3/avr5\libgcc.a(_unpack_sf.o)
                              c:/new folder/imt_sdk_win_64/winavr/bin/../lib/gcc/avr/4.3.3/avr5\libgcc.a(_addsub_sf.o) (__unpack_f)
c:/new folder/imt_sdk_win_64/winavr/bin/../lib/gcc/avr/4.3.3/avr5\libgcc.a(_fpcmp_parts_sf.o)
                              c:/new folder/imt_sdk_win_64/winavr/bin/../lib/gcc/avr/4.3.3/avr5\libgcc.a(_gt_sf.o) (__fpcmp_parts_f)
c:/new folder/imt_sdk_win_64/winavr/bin/../lib/gcc/avr/4.3.3/../../../../avr/lib/avr5\libc.a(memset.o)
                              ./ECU_Layer/LCD/ECU_CHR_LCD.o (memset)
c:/new folder/imt_sdk_win_64/winavr/bin/../lib/gcc/avr/4.3.3/../../../../avr/lib/avr5\libc.a(sprintf.o)
                              ./ECU_Layer/LCD/ECU_CHR_LCD.o (sprintf)
c:/new folder/imt_sdk_win_64/winavr/bin/../lib/gcc/avr/4.3.3/../../../../avr/lib/avr5\libc.a(vfprintf_std.o)
                              c:/new folder/imt_sdk_win_64/winavr/bin/../lib/gcc/avr/4.3.3/../../../../avr/lib/avr5\libc.a(sprintf.o) (vfprintf)
c:/new folder/imt_sdk_win_64/winavr/bin/../lib/gcc/avr/4.3.3/../../../../avr/lib/avr5\libc.a(strnlen_P.o)
                              c:/new folder/imt_sdk_win_64/winavr/bin/../lib/gcc/avr/4.3.3/../../../../avr/lib/avr5\libc.a(vfprintf_std.o) (strnlen_P)
c:/new folder/imt_sdk_win_64/winavr/bin/../lib/gcc/avr/4.3.3/../../../../avr/lib/avr5\libc.a(strnlen.o)
                              c:/new folder/imt_sdk_win_64/winavr/bin/../lib/gcc/avr/4.3.3/../../../../avr/lib/avr5\libc.a(vfprintf_std.o) (strnlen)
c:/new folder/imt_sdk_win_64/winavr/bin/../lib/gcc/avr/4.3.3/../../../../avr/lib/avr5\libc.a(fputc.o)
                              c:/new folder/imt_sdk_win_64/winavr/bin/../lib/gcc/avr/4.3.3/../../../../avr/lib/avr5\libc.a(vfprintf_std.o) (fputc)
c:/new folder/imt_sdk_win_64/winavr/bin/../lib/gcc/avr/4.3.3/../../../../avr/lib/avr5\libc.a(ultoa_invert.o)
                              c:/new folder/imt_sdk_win_64/winavr/bin/../lib/gcc/avr/4.3.3/../../../../avr/lib/avr5\libc.a(vfprintf_std.o) (__ultoa_invert)

Memory Configuration

Name             Origin             Length             Attributes
text             0x00000000         0x00020000         xr
data             0x00800060         0x0000ffa0         rw !x
eeprom           0x00810000         0x00010000         rw !x
fuse             0x00820000         0x00000400         rw !x
lock             0x00830000         0x00000400         rw !x
signature        0x00840000         0x00000400         rw !x
*default*        0x00000000         0xffffffff

Linker script and memory map

LOAD c:/new folder/imt_sdk_win_64/winavr/bin/../lib/gcc/avr/4.3.3/../../../../avr/lib/avr5/crtm32.o
LOAD ./MCAL_Layer/Interrupt/mcal_external_interrupt.o
LOAD ./MCAL_Layer/Interrupt/mcal_internal_interrupt.o
LOAD ./MCAL_Layer/Interrupt/mcal_interrupt_manager.o
LOAD ./MCAL_Layer/01-GPIO/MCAL_GPIO.o
LOAD ./ECU_Layer/RELAY/ECU_RELAY.o
LOAD ./ECU_Layer/PUSH_BUTTON/ECU_PB.o
LOAD ./ECU_Layer/LED/ECU_LED.o
LOAD ./ECU_Layer/LCD/ECU_CHR_LCD.o
LOAD ./ECU_Layer/KEYPAD/ECU_KEYPAD.o
LOAD ./ECU_Layer/ECU_SEVEN_SEG/ECU_SEVEN_SEG.o
LOAD ./ECU_Layer/DC_Motor/ECU_DC_Motor.o
LOAD ./ECU_Layer/ECU_LAYER_INIT.o
LOAD ./Application.o
LOAD c:/new folder/imt_sdk_win_64/winavr/bin/../lib/gcc/avr/4.3.3/avr5\libgcc.a
LOAD c:/new folder/imt_sdk_win_64/winavr/bin/../lib/gcc/avr/4.3.3/../../../../avr/lib/avr5\libc.a
LOAD c:/new folder/imt_sdk_win_64/winavr/bin/../lib/gcc/avr/4.3.3/avr5\libgcc.a

.hash
 *(.hash)

.dynsym
 *(.dynsym)

.dynstr
 *(.dynstr)

.gnu.version
 *(.gnu.version)

.gnu.version_d
 *(.gnu.version_d)

.gnu.version_r
 *(.gnu.version_r)

.rel.init
 *(.rel.init)

.rela.init
 *(.rela.init)

.rel.text
 *(.rel.text)
 *(.rel.text.*)
 *(.rel.gnu.linkonce.t*)

.rela.text
 *(.rela.text)
 *(.rela.text.*)
 *(.rela.gnu.linkonce.t*)

.rel.fini
 *(.rel.fini)

.rela.fini
 *(.rela.fini)

.rel.rodata
 *(.rel.rodata)
 *(.rel.rodata.*)
 *(.rel.gnu.linkonce.r*)

.rela.rodata
 *(.rela.rodata)
 *(.rela.rodata.*)
 *(.rela.gnu.linkonce.r*)

.rel.data
 *(.rel.data)
 *(.rel.data.*)
 *(.rel.gnu.linkonce.d*)

.rela.data
 *(.rela.data)
 *(.rela.data.*)
 *(.rela.gnu.linkonce.d*)

.rel.ctors
 *(.rel.ctors)

.rela.ctors
 *(.rela.ctors)

.rel.dtors
 *(.rel.dtors)

.rela.dtors
 *(.rela.dtors)

.rel.got
 *(.rel.got)

.rela.got
 *(.rela.got)

.rel.bss
 *(.rel.bss)

.rela.bss
 *(.rela.bss)

.rel.plt
 *(.rel.plt)

.rela.plt
 *(.rela.plt)

.text           0x00000000     0x3f70
 *(.vectors)
 .vectors       0x00000000       0x54 c:/new folder/imt_sdk_win_64/winavr/bin/../lib/gcc/avr/4.3.3/../../../../avr/lib/avr5/crtm32.o
                0x00000000                __vectors
                0x00000000                __vector_default
 *(.vectors)
 *(.progmem.gcc*)
 *(.progmem*)
                0x00000054                . = ALIGN (0x2)
                0x00000054                __trampolines_start = .
 *(.trampolines)
 .trampolines   0x00000054        0x0 linker stubs
 *(.trampolines*)
                0x00000054                __trampolines_end = .
 *(.jumptables)
 *(.jumptables*)
 *(.lowtext)
 *(.lowtext*)
                0x00000054                __ctors_start = .
 *(.ctors)
                0x00000054                __ctors_end = .
                0x00000054                __dtors_start = .
 *(.dtors)
                0x00000054                __dtors_end = .
 SORT(*)(.ctors)
 SORT(*)(.dtors)
 *(.init0)
 .init0         0x00000054        0x0 c:/new folder/imt_sdk_win_64/winavr/bin/../lib/gcc/avr/4.3.3/../../../../avr/lib/avr5/crtm32.o
                0x00000054                __init
 *(.init0)
 *(.init1)
 *(.init1)
 *(.init2)
 .init2         0x00000054        0xc c:/new folder/imt_sdk_win_64/winavr/bin/../lib/gcc/avr/4.3.3/../../../../avr/lib/avr5/crtm32.o
 *(.init2)
 *(.init3)
 *(.init3)
 *(.init4)
 .init4         0x00000060       0x16 c:/new folder/imt_sdk_win_64/winavr/bin/../lib/gcc/avr/4.3.3/avr5\libgcc.a(_copy_data.o)
                0x00000060                __do_copy_data
 .init4         0x00000076       0x10 c:/new folder/imt_sdk_win_64/winavr/bin/../lib/gcc/avr/4.3.3/avr5\libgcc.a(_clear_bss.o)
                0x00000076                __do_clear_bss
 *(.init4)
 *(.init5)
 *(.init5)
 *(.init6)
 *(.init6)
 *(.init7)
 *(.init7)
 *(.init8)
 *(.init8)
 *(.init9)
 .init9         0x00000086        0x8 c:/new folder/imt_sdk_win_64/winavr/bin/../lib/gcc/avr/4.3.3/../../../../avr/lib/avr5/crtm32.o
 *(.init9)
 *(.text)
 .text          0x0000008e        0x4 c:/new folder/imt_sdk_win_64/winavr/bin/../lib/gcc/avr/4.3.3/../../../../avr/lib/avr5/crtm32.o
                0x0000008e                __vector_12
                0x0000008e                __bad_interrupt
                0x0000008e                __vector_6
                0x0000008e                __vector_11
                0x0000008e                __vector_13
                0x0000008e                __vector_17
                0x0000008e                __vector_19
                0x0000008e                __vector_7
                0x0000008e                __vector_5
                0x0000008e                __vector_4
                0x0000008e                __vector_9
                0x0000008e                __vector_15
                0x0000008e                __vector_8
                0x0000008e                __vector_14
                0x0000008e                __vector_10
                0x0000008e                __vector_16
                0x0000008e                __vector_18
                0x0000008e                __vector_20
 .text          0x00000092        0x0 ./MCAL_Layer/Interrupt/mcal_external_interrupt.o
 .text          0x00000092        0x0 ./MCAL_Layer/Interrupt/mcal_internal_interrupt.o
 .text          0x00000092        0x0 ./MCAL_Layer/Interrupt/mcal_interrupt_manager.o
 .text          0x00000092        0x0 ./MCAL_Layer/01-GPIO/MCAL_GPIO.o
 .text          0x00000092        0x0 ./ECU_Layer/RELAY/ECU_RELAY.o
 .text          0x00000092        0x0 ./ECU_Layer/PUSH_BUTTON/ECU_PB.o
 .text          0x00000092        0x0 ./ECU_Layer/LED/ECU_LED.o
 .text          0x00000092        0x0 ./ECU_Layer/LCD/ECU_CHR_LCD.o
 .text          0x00000092        0x0 ./ECU_Layer/KEYPAD/ECU_KEYPAD.o
 .text          0x00000092        0x0 ./ECU_Layer/ECU_SEVEN_SEG/ECU_SEVEN_SEG.o
 .text          0x00000092        0x0 ./ECU_Layer/DC_Motor/ECU_DC_Motor.o
 .text          0x00000092        0x0 ./ECU_Layer/ECU_LAYER_INIT.o
 .text          0x00000092        0x0 ./Application.o
 .text          0x00000092        0x0 c:/new folder/imt_sdk_win_64/winavr/bin/../lib/gcc/avr/4.3.3/avr5\libgcc.a(_udivmodqi4.o)
 .text          0x00000092        0x0 c:/new folder/imt_sdk_win_64/winavr/bin/../lib/gcc/avr/4.3.3/avr5\libgcc.a(_udivmodhi4.o)
 .text          0x00000092        0x0 c:/new folder/imt_sdk_win_64/winavr/bin/../lib/gcc/avr/4.3.3/avr5\libgcc.a(_exit.o)
 .text          0x00000092        0x0 c:/new folder/imt_sdk_win_64/winavr/bin/../lib/gcc/avr/4.3.3/avr5\libgcc.a(_copy_data.o)
 .text          0x00000092        0x0 c:/new folder/imt_sdk_win_64/winavr/bin/../lib/gcc/avr/4.3.3/avr5\libgcc.a(_clear_bss.o)
 .text          0x00000092       0x58 c:/new folder/imt_sdk_win_64/winavr/bin/../lib/gcc/avr/4.3.3/avr5\libgcc.a(_fixunssfsi.o)
                0x00000092                __fixunssfsi
 .text          0x000000ea      0x354 c:/new folder/imt_sdk_win_64/winavr/bin/../lib/gcc/avr/4.3.3/avr5\libgcc.a(_addsub_sf.o)
                0x00000382                __subsf3
                0x000003e4                __addsf3
 .text          0x0000043e      0x1f4 c:/new folder/imt_sdk_win_64/winavr/bin/../lib/gcc/avr/4.3.3/avr5\libgcc.a(_mul_sf.o)
                0x0000043e                __mulsf3
 .text          0x00000632       0x60 c:/new folder/imt_sdk_win_64/winavr/bin/../lib/gcc/avr/4.3.3/avr5\libgcc.a(_gt_sf.o)
                0x00000632                __gtsf2
 .text          0x00000692       0x60 c:/new folder/imt_sdk_win_64/winavr/bin/../lib/gcc/avr/4.3.3/avr5\libgcc.a(_ge_sf.o)
                0x00000692                __gesf2
 .text          0x000006f2       0x60 c:/new folder/imt_sdk_win_64/winavr/bin/../lib/gcc/avr/4.3.3/avr5\libgcc.a(_lt_sf.o)
                0x000006f2                __ltsf2
 .text          0x00000752       0xa8 c:/new folder/imt_sdk_win_64/winavr/bin/../lib/gcc/avr/4.3.3/avr5\libgcc.a(_sf_to_si.o)
                0x00000752                __fixsfsi
 .text          0x000007fa        0x0 c:/new folder/imt_sdk_win_64/winavr/bin/../lib/gcc/avr/4.3.3/avr5\libgcc.a(_thenan_sf.o)
 .text          0x000007fa        0x0 c:/new folder/imt_sdk_win_64/winavr/bin/../lib/gcc/avr/4.3.3/avr5\libgcc.a(_prologue.o)
 .text          0x000007fa        0x0 c:/new folder/imt_sdk_win_64/winavr/bin/../lib/gcc/avr/4.3.3/avr5\libgcc.a(_epilogue.o)
 .text          0x000007fa      0x1aa c:/new folder/imt_sdk_win_64/winavr/bin/../lib/gcc/avr/4.3.3/avr5\libgcc.a(_pack_sf.o)
                0x000007fa                __pack_f
 .text          0x000009a4       0xf0 c:/new folder/imt_sdk_win_64/winavr/bin/../lib/gcc/avr/4.3.3/avr5\libgcc.a(_unpack_sf.o)
                0x000009a4                __unpack_f
 .text          0x00000a94       0xb2 c:/new folder/imt_sdk_win_64/winavr/bin/../lib/gcc/avr/4.3.3/avr5\libgcc.a(_fpcmp_parts_sf.o)
                0x00000a94                __fpcmp_parts_f
 .text          0x00000b46        0x0 c:/new folder/imt_sdk_win_64/winavr/bin/../lib/gcc/avr/4.3.3/../../../../avr/lib/avr5\libc.a(memset.o)
 .text          0x00000b46        0x0 c:/new folder/imt_sdk_win_64/winavr/bin/../lib/gcc/avr/4.3.3/../../../../avr/lib/avr5\libc.a(sprintf.o)
 .text          0x00000b46        0x0 c:/new folder/imt_sdk_win_64/winavr/bin/../lib/gcc/avr/4.3.3/../../../../avr/lib/avr5\libc.a(vfprintf_std.o)
 .text          0x00000b46        0x0 c:/new folder/imt_sdk_win_64/winavr/bin/../lib/gcc/avr/4.3.3/../../../../avr/lib/avr5\libc.a(strnlen_P.o)
 .text          0x00000b46        0x0 c:/new folder/imt_sdk_win_64/winavr/bin/../lib/gcc/avr/4.3.3/../../../../avr/lib/avr5\libc.a(strnlen.o)
 .text          0x00000b46        0x0 c:/new folder/imt_sdk_win_64/winavr/bin/../lib/gcc/avr/4.3.3/../../../../avr/lib/avr5\libc.a(fputc.o)
 .text          0x00000b46        0x0 c:/new folder/imt_sdk_win_64/winavr/bin/../lib/gcc/avr/4.3.3/../../../../avr/lib/avr5\libc.a(ultoa_invert.o)
                0x00000b46                . = ALIGN (0x2)
 *(.text.*)
 .text.interrupt_INTx_init
                0x00000b46       0x68 ./MCAL_Layer/Interrupt/mcal_external_interrupt.o
                0x00000b46                interrupt_INTx_init
 .text.INT0_ISR
                0x00000bae       0x32 ./MCAL_Layer/Interrupt/mcal_external_interrupt.o
                0x00000bae                INT0_ISR
 .text.INT1_ISR
                0x00000be0       0x32 ./MCAL_Layer/Interrupt/mcal_external_interrupt.o
                0x00000be0                INT1_ISR
 .text.INT2_ISR
                0x00000c12       0x32 ./MCAL_Layer/Interrupt/mcal_external_interrupt.o
                0x00000c12                INT2_ISR
 .text.interrupt_INTx_Deinit
                0x00000c44       0x36 ./MCAL_Layer/Interrupt/mcal_external_interrupt.o
                0x00000c44                interrupt_INTx_Deinit
 .text.interrupt_INTx_Enable
                0x00000c7a       0xc4 ./MCAL_Layer/Interrupt/mcal_external_interrupt.o
 .text.interrupt_INTx_Disable
                0x00000d3e       0x9a ./MCAL_Layer/Interrupt/mcal_external_interrupt.o
 .text.interrupt_INTx_Edge_Init
                0x00000dd8      0x126 ./MCAL_Layer/Interrupt/mcal_external_interrupt.o
 .text.interrupt_INTx_Pin_Init
                0x00000efe       0x38 ./MCAL_Layer/Interrupt/mcal_external_interrupt.o
 .text.interrupt_INTx_Clear_Flag
                0x00000f36       0x9a ./MCAL_Layer/Interrupt/mcal_external_interrupt.o
 .text.INT0_SetInterruptHandler
                0x00000fd0       0x3c ./MCAL_Layer/Interrupt/mcal_external_interrupt.o
 .text.INT1_SetInterruptHandler
                0x0000100c       0x3c ./MCAL_Layer/Interrupt/mcal_external_interrupt.o
 .text.INT2_SetInterruptHandler
                0x00001048       0x3c ./MCAL_Layer/Interrupt/mcal_external_interrupt.o
 .text.interrupt_INTx_SetInterruptHandler
                0x00001084       0x8e ./MCAL_Layer/Interrupt/mcal_external_interrupt.o
 .text.__vector_1
                0x00001112       0x54 ./MCAL_Layer/Interrupt/mcal_interrupt_manager.o
                0x00001112                __vector_1
 .text.__vector_2
                0x00001166       0x54 ./MCAL_Layer/Interrupt/mcal_interrupt_manager.o
                0x00001166                __vector_2
 .text.__vector_3
                0x000011ba       0x54 ./MCAL_Layer/Interrupt/mcal_interrupt_manager.o
                0x000011ba                __vector_3
 .text.gpio_pin_direction_initialize
                0x0000120e      0x134 ./MCAL_Layer/01-GPIO/MCAL_GPIO.o
                0x0000120e                gpio_pin_direction_initialize
 .text.gpio_pin_get_direction_status
                0x00001342       0xa4 ./MCAL_Layer/01-GPIO/MCAL_GPIO.o
                0x00001342                gpio_pin_get_direction_status
 .text.gpio_pin_write_logic
                0x000013e6      0x12c ./MCAL_Layer/01-GPIO/MCAL_GPIO.o
                0x000013e6                gpio_pin_write_logic
 .text.gpio_pin_read_logic
                0x00001512       0x9e ./MCAL_Layer/01-GPIO/MCAL_GPIO.o
                0x00001512                gpio_pin_read_logic
 .text.gpio_pin_toggle_logic
                0x000015b0       0xa2 ./MCAL_Layer/01-GPIO/MCAL_GPIO.o
                0x000015b0                gpio_pin_toggle_logic
 .text.gpio_pin_initialize
                0x00001652       0x56 ./MCAL_Layer/01-GPIO/MCAL_GPIO.o
                0x00001652                gpio_pin_initialize
 .text.gpio_port_direction_initialize
                0x000016a8       0x46 ./MCAL_Layer/01-GPIO/MCAL_GPIO.o
                0x000016a8                gpio_port_direction_initialize
 .text.gpio_port_get_direction_status
                0x000016ee       0x56 ./MCAL_Layer/01-GPIO/MCAL_GPIO.o
                0x000016ee                gpio_port_get_direction_status
 .text.gpio_port_write_logic
                0x00001744       0x46 ./MCAL_Layer/01-GPIO/MCAL_GPIO.o
                0x00001744                gpio_port_write_logic
 .text.gpio_port_read_logic
                0x0000178a       0x56 ./MCAL_Layer/01-GPIO/MCAL_GPIO.o
                0x0000178a                gpio_port_read_logic
 .text.gpio_port_toggle_logic
                0x000017e0       0x56 ./MCAL_Layer/01-GPIO/MCAL_GPIO.o
                0x000017e0                gpio_port_toggle_logic
 .text.relay_initialize
                0x00001836       0x98 ./ECU_Layer/RELAY/ECU_RELAY.o
                0x00001836                relay_initialize
 .text.relay_turn_on
                0x000018ce       0x9a ./ECU_Layer/RELAY/ECU_RELAY.o
                0x000018ce                relay_turn_on
 .text.relay_turn_off
                0x00001968       0x9a ./ECU_Layer/RELAY/ECU_RELAY.o
                0x00001968                relay_turn_off
 .text.relay_toggle
                0x00001a02       0x98 ./ECU_Layer/RELAY/ECU_RELAY.o
                0x00001a02                relay_toggle
 .text.button_initialize
                0x00001a9a       0x38 ./ECU_Layer/PUSH_BUTTON/ECU_PB.o
                0x00001a9a                button_initialize
 .text.button_read_state
                0x00001ad2       0x98 ./ECU_Layer/PUSH_BUTTON/ECU_PB.o
                0x00001ad2                button_read_state
 .text.led_initialize
                0x00001b6a       0x9e ./ECU_Layer/LED/ECU_LED.o
                0x00001b6a                led_initialize
 .text.led_turn_on
                0x00001c08       0xa0 ./ECU_Layer/LED/ECU_LED.o
                0x00001c08                led_turn_on
 .text.led_turn_off
                0x00001ca8       0xa0 ./ECU_Layer/LED/ECU_LED.o
                0x00001ca8                led_turn_off
 .text.led_turn_toggle
                0x00001d48       0x9e ./ECU_Layer/LED/ECU_LED.o
                0x00001d48                led_turn_toggle
 .text.lcd_4bit_initialize
                0x00001de6      0x2b6 ./ECU_Layer/LCD/ECU_CHR_LCD.o
                0x00001de6                lcd_4bit_initialize
 .text.lcd_4bit_send_command
                0x0000209c       0x72 ./ECU_Layer/LCD/ECU_CHR_LCD.o
                0x0000209c                lcd_4bit_send_command
 .text.lcd_4bit_send_char_data
                0x0000210e       0x72 ./ECU_Layer/LCD/ECU_CHR_LCD.o
                0x0000210e                lcd_4bit_send_char_data
 .text.lcd_4bit_send_char_data_pos
                0x00002180       0x52 ./ECU_Layer/LCD/ECU_CHR_LCD.o
                0x00002180                lcd_4bit_send_char_data_pos
 .text.lcd_4bit_send_string
                0x000021d2       0x66 ./ECU_Layer/LCD/ECU_CHR_LCD.o
                0x000021d2                lcd_4bit_send_string
 .text.lcd_4bit_send_string_pos
                0x00002238       0x82 ./ECU_Layer/LCD/ECU_CHR_LCD.o
                0x00002238                lcd_4bit_send_string_pos
 .text.lcd_4bit_send_custom_char
                0x000022ba       0xac ./ECU_Layer/LCD/ECU_CHR_LCD.o
                0x000022ba                lcd_4bit_send_custom_char
 .text.lcd_4bit_send_int
                0x00002366       0x56 ./ECU_Layer/LCD/ECU_CHR_LCD.o
                0x00002366                lcd_4bit_send_int
 .text.lcd_4bit_send_int_pos
                0x000023bc       0x7e ./ECU_Layer/LCD/ECU_CHR_LCD.o
                0x000023bc                lcd_4bit_send_int_pos
 .text.lcd_8bit_initialize
                0x0000243a      0x43c ./ECU_Layer/LCD/ECU_CHR_LCD.o
                0x0000243a                lcd_8bit_initialize
 .text.lcd_8bit_send_command
                0x00002876       0x9c ./ECU_Layer/LCD/ECU_CHR_LCD.o
                0x00002876                lcd_8bit_send_command
 .text.lcd_8bit_send_char_data
                0x00002912       0x9c ./ECU_Layer/LCD/ECU_CHR_LCD.o
                0x00002912                lcd_8bit_send_char_data
 .text.lcd_8bit_send_char_data_pos
                0x000029ae       0x54 ./ECU_Layer/LCD/ECU_CHR_LCD.o
                0x000029ae                lcd_8bit_send_char_data_pos
 .text.lcd_8bit_send_string
                0x00002a02       0x66 ./ECU_Layer/LCD/ECU_CHR_LCD.o
                0x00002a02                lcd_8bit_send_string
 .text.lcd_8bit_send_string_pos
                0x00002a68       0x82 ./ECU_Layer/LCD/ECU_CHR_LCD.o
                0x00002a68                lcd_8bit_send_string_pos
 .text.lcd_8bit_send_custom_char
                0x00002aea       0xac ./ECU_Layer/LCD/ECU_CHR_LCD.o
                0x00002aea                lcd_8bit_send_custom_char
 .text.convert_byte_to_string
                0x00002b96       0x7c ./ECU_Layer/LCD/ECU_CHR_LCD.o
                0x00002b96                convert_byte_to_string
 .text.convert_string_to_byte
                0x00002c12       0xa4 ./ECU_Layer/LCD/ECU_CHR_LCD.o
                0x00002c12                convert_string_to_byte
 .text.convert_short_to_string
                0x00002cb6       0x80 ./ECU_Layer/LCD/ECU_CHR_LCD.o
                0x00002cb6                convert_short_to_string
 .text.convert_int_to_string
                0x00002d36       0x80 ./ECU_Layer/LCD/ECU_CHR_LCD.o
                0x00002d36                convert_int_to_string
 .text.lcd_send_4bits
                0x00002db6       0x9a ./ECU_Layer/LCD/ECU_CHR_LCD.o
 .text.lcd_4bit_send_enable
                0x00002e50      0x130 ./ECU_Layer/LCD/ECU_CHR_LCD.o
 .text.lcd_8bit_send_enable
                0x00002f80      0x130 ./ECU_Layer/LCD/ECU_CHR_LCD.o
 .text.lcd_8bit_set_cursor
                0x000030b0       0x80 ./ECU_Layer/LCD/ECU_CHR_LCD.o
 .text.lcd_4bit_set_cursor
                0x00003130       0x80 ./ECU_Layer/LCD/ECU_CHR_LCD.o
 .text.keypad_initialize
                0x000031b0       0x86 ./ECU_Layer/KEYPAD/ECU_KEYPAD.o
                0x000031b0                keypad_initialize
 .text.keypad_get_value
                0x00003236      0x1f6 ./ECU_Layer/KEYPAD/ECU_KEYPAD.o
                0x00003236                keypad_get_value
 .text.seven_segment_initialize
                0x0000342c       0x72 ./ECU_Layer/ECU_SEVEN_SEG/ECU_SEVEN_SEG.o
                0x0000342c                seven_segment_initialize
 .text.seven_segment_write_number
                0x0000349e      0x14c ./ECU_Layer/ECU_SEVEN_SEG/ECU_SEVEN_SEG.o
                0x0000349e                seven_segment_write_number
 .text.dc_motor_initialize
                0x000035ea       0x40 ./ECU_Layer/DC_Motor/ECU_DC_Motor.o
                0x000035ea                dc_motor_initialize
 .text.dc_motor_move_right
                0x0000362a       0x44 ./ECU_Layer/DC_Motor/ECU_DC_Motor.o
                0x0000362a                dc_motor_move_right
 .text.dc_motor_move_left
                0x0000366e       0x44 ./ECU_Layer/DC_Motor/ECU_DC_Motor.o
                0x0000366e                dc_motor_move_left
 .text.dc_motor_stop
                0x000036b2       0x44 ./ECU_Layer/DC_Motor/ECU_DC_Motor.o
                0x000036b2                dc_motor_stop
 .text.ecu_layer_initialize
                0x000036f6       0x32 ./ECU_Layer/ECU_LAYER_INIT.o
                0x000036f6                ecu_layer_initialize
 .text.main     0x00003728      0x208 ./Application.o
                0x00003728                main
 .text.Application_initialize
                0x00003930       0x12 ./Application.o
                0x00003930                Application_initialize
 .text.int0_App_ISR
                0x00003942       0x16 ./Application.o
                0x00003942                int0_App_ISR
 .text.int1_App_ISR
                0x00003958       0x16 ./Application.o
                0x00003958                int1_App_ISR
 .text.libgcc   0x0000396e       0x18 c:/new folder/imt_sdk_win_64/winavr/bin/../lib/gcc/avr/4.3.3/avr5\libgcc.a(_udivmodqi4.o)
                0x0000396e                __udivmodqi4
 .text.libgcc   0x00003986       0x28 c:/new folder/imt_sdk_win_64/winavr/bin/../lib/gcc/avr/4.3.3/avr5\libgcc.a(_udivmodhi4.o)
                0x00003986                __udivmodhi4
 .text.libgcc   0x000039ae        0x0 c:/new folder/imt_sdk_win_64/winavr/bin/../lib/gcc/avr/4.3.3/avr5\libgcc.a(_exit.o)
 .text.libgcc   0x000039ae        0x0 c:/new folder/imt_sdk_win_64/winavr/bin/../lib/gcc/avr/4.3.3/avr5\libgcc.a(_copy_data.o)
 .text.libgcc   0x000039ae        0x0 c:/new folder/imt_sdk_win_64/winavr/bin/../lib/gcc/avr/4.3.3/avr5\libgcc.a(_clear_bss.o)
 .text.libgcc   0x000039ae       0x38 c:/new folder/imt_sdk_win_64/winavr/bin/../lib/gcc/avr/4.3.3/avr5\libgcc.a(_prologue.o)
                0x000039ae                __prologue_saves__
 .text.libgcc   0x000039e6       0x36 c:/new folder/imt_sdk_win_64/winavr/bin/../lib/gcc/avr/4.3.3/avr5\libgcc.a(_epilogue.o)
                0x000039e6                __epilogue_restores__
 .text.avr-libc
                0x00003a1c        0xe c:/new folder/imt_sdk_win_64/winavr/bin/../lib/gcc/avr/4.3.3/../../../../avr/lib/avr5\libc.a(memset.o)
                0x00003a1c                memset
 .text.avr-libc
                0x00003a2a       0x48 c:/new folder/imt_sdk_win_64/winavr/bin/../lib/gcc/avr/4.3.3/../../../../avr/lib/avr5\libc.a(sprintf.o)
                0x00003a2a                sprintf
 .text.avr-libc
                0x00003a72      0x3ba c:/new folder/imt_sdk_win_64/winavr/bin/../lib/gcc/avr/4.3.3/../../../../avr/lib/avr5\libc.a(vfprintf_std.o)
                0x00003a72                vfprintf
 .text.avr-libc
                0x00003e2c       0x16 c:/new folder/imt_sdk_win_64/winavr/bin/../lib/gcc/avr/4.3.3/../../../../avr/lib/avr5\libc.a(strnlen_P.o)
                0x00003e2c                strnlen_P
 .text.avr-libc
                0x00003e42       0x16 c:/new folder/imt_sdk_win_64/winavr/bin/../lib/gcc/avr/4.3.3/../../../../avr/lib/avr5\libc.a(strnlen.o)
                0x00003e42                strnlen
 .text.avr-libc
                0x00003e58       0x58 c:/new folder/imt_sdk_win_64/winavr/bin/../lib/gcc/avr/4.3.3/../../../../avr/lib/avr5\libc.a(fputc.o)
                0x00003e58                fputc
 .text.avr-libc
                0x00003eb0       0xbc c:/new folder/imt_sdk_win_64/winavr/bin/../lib/gcc/avr/4.3.3/../../../../avr/lib/avr5\libc.a(ultoa_invert.o)
                0x00003eb0                __ultoa_invert
                0x00003f6c                . = ALIGN (0x2)
 *(.fini9)
 .fini9         0x00003f6c        0x0 c:/new folder/imt_sdk_win_64/winavr/bin/../lib/gcc/avr/4.3.3/avr5\libgcc.a(_exit.o)
                0x00003f6c                exit
                0x00003f6c                _exit
 *(.fini9)
 *(.fini8)
 *(.fini8)
 *(.fini7)
 *(.fini7)
 *(.fini6)
 *(.fini6)
 *(.fini5)
 *(.fini5)
 *(.fini4)
 *(.fini4)
 *(.fini3)
 *(.fini3)
 *(.fini2)
 *(.fini2)
 *(.fini1)
 *(.fini1)
 *(.fini0)
 .fini0         0x00003f6c        0x4 c:/new folder/imt_sdk_win_64/winavr/bin/../lib/gcc/avr/4.3.3/avr5\libgcc.a(_exit.o)
 *(.fini0)
                0x00003f70                _etext = .

.data           0x00800060       0x86 load address 0x00003f70
                0x00800060                PROVIDE (__data_start, .)
 *(.data)
 .data          0x00800060        0x0 c:/new folder/imt_sdk_win_64/winavr/bin/../lib/gcc/avr/4.3.3/../../../../avr/lib/avr5/crtm32.o
 .data          0x00800060        0x0 ./MCAL_Layer/Interrupt/mcal_external_interrupt.o
 .data          0x00800060        0x0 ./MCAL_Layer/Interrupt/mcal_internal_interrupt.o
 .data          0x00800060        0x0 ./MCAL_Layer/Interrupt/mcal_interrupt_manager.o
 .data          0x00800060        0x0 ./MCAL_Layer/01-GPIO/MCAL_GPIO.o
 .data          0x00800060        0x0 ./ECU_Layer/RELAY/ECU_RELAY.o
 .data          0x00800060        0x0 ./ECU_Layer/PUSH_BUTTON/ECU_PB.o
 .data          0x00800060        0x0 ./ECU_Layer/LED/ECU_LED.o
 .data          0x00800060        0x3 ./ECU_Layer/LCD/ECU_CHR_LCD.o
 .data          0x00800063        0x0 ./ECU_Layer/KEYPAD/ECU_KEYPAD.o
 .data          0x00800063        0x0 ./ECU_Layer/ECU_SEVEN_SEG/ECU_SEVEN_SEG.o
 .data          0x00800063        0x0 ./ECU_Layer/DC_Motor/ECU_DC_Motor.o
 .data          0x00800063        0x0 ./ECU_Layer/ECU_LAYER_INIT.o
 .data          0x00800063        0x0 ./Application.o
 .data          0x00800063        0x0 c:/new folder/imt_sdk_win_64/winavr/bin/../lib/gcc/avr/4.3.3/avr5\libgcc.a(_udivmodqi4.o)
 .data          0x00800063        0x0 c:/new folder/imt_sdk_win_64/winavr/bin/../lib/gcc/avr/4.3.3/avr5\libgcc.a(_udivmodhi4.o)
 .data          0x00800063        0x0 c:/new folder/imt_sdk_win_64/winavr/bin/../lib/gcc/avr/4.3.3/avr5\libgcc.a(_exit.o)
 .data          0x00800063        0x0 c:/new folder/imt_sdk_win_64/winavr/bin/../lib/gcc/avr/4.3.3/avr5\libgcc.a(_copy_data.o)
 .data          0x00800063        0x0 c:/new folder/imt_sdk_win_64/winavr/bin/../lib/gcc/avr/4.3.3/avr5\libgcc.a(_clear_bss.o)
 .data          0x00800063        0x0 c:/new folder/imt_sdk_win_64/winavr/bin/../lib/gcc/avr/4.3.3/avr5\libgcc.a(_fixunssfsi.o)
 .data          0x00800063        0x0 c:/new folder/imt_sdk_win_64/winavr/bin/../lib/gcc/avr/4.3.3/avr5\libgcc.a(_addsub_sf.o)
 .data          0x00800063        0x0 c:/new folder/imt_sdk_win_64/winavr/bin/../lib/gcc/avr/4.3.3/avr5\libgcc.a(_mul_sf.o)
 .data          0x00800063        0x0 c:/new folder/imt_sdk_win_64/winavr/bin/../lib/gcc/avr/4.3.3/avr5\libgcc.a(_gt_sf.o)
 .data          0x00800063        0x0 c:/new folder/imt_sdk_win_64/winavr/bin/../lib/gcc/avr/4.3.3/avr5\libgcc.a(_ge_sf.o)
 .data          0x00800063        0x0 c:/new folder/imt_sdk_win_64/winavr/bin/../lib/gcc/avr/4.3.3/avr5\libgcc.a(_lt_sf.o)
 .data          0x00800063        0x0 c:/new folder/imt_sdk_win_64/winavr/bin/../lib/gcc/avr/4.3.3/avr5\libgcc.a(_sf_to_si.o)
 .data          0x00800063        0x8 c:/new folder/imt_sdk_win_64/winavr/bin/../lib/gcc/avr/4.3.3/avr5\libgcc.a(_thenan_sf.o)
                0x00800063                __thenan_sf
 .data          0x0080006b        0x0 c:/new folder/imt_sdk_win_64/winavr/bin/../lib/gcc/avr/4.3.3/avr5\libgcc.a(_prologue.o)
 .data          0x0080006b        0x0 c:/new folder/imt_sdk_win_64/winavr/bin/../lib/gcc/avr/4.3.3/avr5\libgcc.a(_epilogue.o)
 .data          0x0080006b        0x0 c:/new folder/imt_sdk_win_64/winavr/bin/../lib/gcc/avr/4.3.3/avr5\libgcc.a(_pack_sf.o)
 .data          0x0080006b        0x0 c:/new folder/imt_sdk_win_64/winavr/bin/../lib/gcc/avr/4.3.3/avr5\libgcc.a(_unpack_sf.o)
 .data          0x0080006b        0x0 c:/new folder/imt_sdk_win_64/winavr/bin/../lib/gcc/avr/4.3.3/avr5\libgcc.a(_fpcmp_parts_sf.o)
 .data          0x0080006b        0x0 c:/new folder/imt_sdk_win_64/winavr/bin/../lib/gcc/avr/4.3.3/../../../../avr/lib/avr5\libc.a(memset.o)
 .data          0x0080006b        0x0 c:/new folder/imt_sdk_win_64/winavr/bin/../lib/gcc/avr/4.3.3/../../../../avr/lib/avr5\libc.a(sprintf.o)
 .data          0x0080006b        0x0 c:/new folder/imt_sdk_win_64/winavr/bin/../lib/gcc/avr/4.3.3/../../../../avr/lib/avr5\libc.a(vfprintf_std.o)
 .data          0x0080006b        0x0 c:/new folder/imt_sdk_win_64/winavr/bin/../lib/gcc/avr/4.3.3/../../../../avr/lib/avr5\libc.a(strnlen_P.o)
 .data          0x0080006b        0x0 c:/new folder/imt_sdk_win_64/winavr/bin/../lib/gcc/avr/4.3.3/../../../../avr/lib/avr5\libc.a(strnlen.o)
 .data          0x0080006b        0x0 c:/new folder/imt_sdk_win_64/winavr/bin/../lib/gcc/avr/4.3.3/../../../../avr/lib/avr5\libc.a(fputc.o)
 .data          0x0080006b        0x0 c:/new folder/imt_sdk_win_64/winavr/bin/../lib/gcc/avr/4.3.3/../../../../avr/lib/avr5\libc.a(ultoa_invert.o)
 *(.data*)
 .data.DDR_register
                0x0080006b        0x8 ./MCAL_Layer/01-GPIO/MCAL_GPIO.o
                0x0080006b                DDR_register
 .data.PORT_register
                0x00800073        0x8 ./MCAL_Layer/01-GPIO/MCAL_GPIO.o
                0x00800073                PORT_register
 .data.PIN_register
                0x0080007b        0x8 ./MCAL_Layer/01-GPIO/MCAL_GPIO.o
                0x0080007b                PIN_register
 .data.CommCathArr
                0x00800083        0xa ./ECU_Layer/ECU_SEVEN_SEG/ECU_SEVEN_SEG.o
 .data.CommCathArr
                0x0080008d        0xa ./ECU_Layer/ECU_LAYER_INIT.o
 .data.led3     0x00800097        0x1 ./ECU_Layer/ECU_LAYER_INIT.o
                0x00800097                led3
 .data.led2     0x00800098        0x1 ./ECU_Layer/ECU_LAYER_INIT.o
                0x00800098                led2
 .data.keypad1  0x00800099        0x8 ./ECU_Layer/ECU_LAYER_INIT.o
                0x00800099                keypad1
 .data.lcd1     0x008000a1        0x6 ./ECU_Layer/ECU_LAYER_INIT.o
                0x008000a1                lcd1
 .data.lcd2     0x008000a7        0xa ./ECU_Layer/ECU_LAYER_INIT.o
                0x008000a7                lcd2
 .data.CommCathArr
                0x008000b1        0xa ./Application.o
 .data.int0_obj
                0x008000bb        0x5 ./Application.o
                0x008000bb                int0_obj
 .data.int1_obj
                0x008000c0        0x5 ./Application.o
                0x008000c0                int1_obj
 *(.rodata)
 *(.rodata*)
 .rodata.btn_values
                0x008000c5       0x10 ./ECU_Layer/KEYPAD/ECU_KEYPAD.o
 .rodata.btn_values_int
                0x008000d5       0x10 ./ECU_Layer/KEYPAD/ECU_KEYPAD.o
 *(.gnu.linkonce.d*)
                0x008000e6                . = ALIGN (0x2)
 *fill*         0x008000e5        0x1 00
                0x008000e6                _edata = .
                0x008000e6                PROVIDE (__data_end, .)

.bss            0x008000e6        0x9
                0x008000e6                PROVIDE (__bss_start, .)
 *(.bss)
 .bss           0x008000e6        0x0 c:/new folder/imt_sdk_win_64/winavr/bin/../lib/gcc/avr/4.3.3/../../../../avr/lib/avr5/crtm32.o
 .bss           0x008000e6        0x0 ./MCAL_Layer/Interrupt/mcal_external_interrupt.o
 .bss           0x008000e6        0x0 ./MCAL_Layer/Interrupt/mcal_internal_interrupt.o
 .bss           0x008000e6        0x0 ./MCAL_Layer/Interrupt/mcal_interrupt_manager.o
 .bss           0x008000e6        0x0 ./MCAL_Layer/01-GPIO/MCAL_GPIO.o
 .bss           0x008000e6        0x0 ./ECU_Layer/RELAY/ECU_RELAY.o
 .bss           0x008000e6        0x0 ./ECU_Layer/PUSH_BUTTON/ECU_PB.o
 .bss           0x008000e6        0x0 ./ECU_Layer/LED/ECU_LED.o
 .bss           0x008000e6        0x0 ./ECU_Layer/LCD/ECU_CHR_LCD.o
 .bss           0x008000e6        0x0 ./ECU_Layer/KEYPAD/ECU_KEYPAD.o
 .bss           0x008000e6        0x0 ./ECU_Layer/ECU_SEVEN_SEG/ECU_SEVEN_SEG.o
 .bss           0x008000e6        0x0 ./ECU_Layer/DC_Motor/ECU_DC_Motor.o
 .bss           0x008000e6        0x0 ./ECU_Layer/ECU_LAYER_INIT.o
 .bss           0x008000e6        0x0 ./Application.o
 .bss           0x008000e6        0x0 c:/new folder/imt_sdk_win_64/winavr/bin/../lib/gcc/avr/4.3.3/avr5\libgcc.a(_udivmodqi4.o)
 .bss           0x008000e6        0x0 c:/new folder/imt_sdk_win_64/winavr/bin/../lib/gcc/avr/4.3.3/avr5\libgcc.a(_udivmodhi4.o)
 .bss           0x008000e6        0x0 c:/new folder/imt_sdk_win_64/winavr/bin/../lib/gcc/avr/4.3.3/avr5\libgcc.a(_exit.o)
 .bss           0x008000e6        0x0 c:/new folder/imt_sdk_win_64/winavr/bin/../lib/gcc/avr/4.3.3/avr5\libgcc.a(_copy_data.o)
 .bss           0x008000e6        0x0 c:/new folder/imt_sdk_win_64/winavr/bin/../lib/gcc/avr/4.3.3/avr5\libgcc.a(_clear_bss.o)
 .bss           0x008000e6        0x0 c:/new folder/imt_sdk_win_64/winavr/bin/../lib/gcc/avr/4.3.3/avr5\libgcc.a(_fixunssfsi.o)
 .bss           0x008000e6        0x0 c:/new folder/imt_sdk_win_64/winavr/bin/../lib/gcc/avr/4.3.3/avr5\libgcc.a(_addsub_sf.o)
 .bss           0x008000e6        0x0 c:/new folder/imt_sdk_win_64/winavr/bin/../lib/gcc/avr/4.3.3/avr5\libgcc.a(_mul_sf.o)
 .bss           0x008000e6        0x0 c:/new folder/imt_sdk_win_64/winavr/bin/../lib/gcc/avr/4.3.3/avr5\libgcc.a(_gt_sf.o)
 .bss           0x008000e6        0x0 c:/new folder/imt_sdk_win_64/winavr/bin/../lib/gcc/avr/4.3.3/avr5\libgcc.a(_ge_sf.o)
 .bss           0x008000e6        0x0 c:/new folder/imt_sdk_win_64/winavr/bin/../lib/gcc/avr/4.3.3/avr5\libgcc.a(_lt_sf.o)
 .bss           0x008000e6        0x0 c:/new folder/imt_sdk_win_64/winavr/bin/../lib/gcc/avr/4.3.3/avr5\libgcc.a(_sf_to_si.o)
 .bss           0x008000e6        0x0 c:/new folder/imt_sdk_win_64/winavr/bin/../lib/gcc/avr/4.3.3/avr5\libgcc.a(_thenan_sf.o)
 .bss           0x008000e6        0x0 c:/new folder/imt_sdk_win_64/winavr/bin/../lib/gcc/avr/4.3.3/avr5\libgcc.a(_prologue.o)
 .bss           0x008000e6        0x0 c:/new folder/imt_sdk_win_64/winavr/bin/../lib/gcc/avr/4.3.3/avr5\libgcc.a(_epilogue.o)
 .bss           0x008000e6        0x0 c:/new folder/imt_sdk_win_64/winavr/bin/../lib/gcc/avr/4.3.3/avr5\libgcc.a(_pack_sf.o)
 .bss           0x008000e6        0x0 c:/new folder/imt_sdk_win_64/winavr/bin/../lib/gcc/avr/4.3.3/avr5\libgcc.a(_unpack_sf.o)
 .bss           0x008000e6        0x0 c:/new folder/imt_sdk_win_64/winavr/bin/../lib/gcc/avr/4.3.3/avr5\libgcc.a(_fpcmp_parts_sf.o)
 .bss           0x008000e6        0x0 c:/new folder/imt_sdk_win_64/winavr/bin/../lib/gcc/avr/4.3.3/../../../../avr/lib/avr5\libc.a(memset.o)
 .bss           0x008000e6        0x0 c:/new folder/imt_sdk_win_64/winavr/bin/../lib/gcc/avr/4.3.3/../../../../avr/lib/avr5\libc.a(sprintf.o)
 .bss           0x008000e6        0x0 c:/new folder/imt_sdk_win_64/winavr/bin/../lib/gcc/avr/4.3.3/../../../../avr/lib/avr5\libc.a(vfprintf_std.o)
 .bss           0x008000e6        0x0 c:/new folder/imt_sdk_win_64/winavr/bin/../lib/gcc/avr/4.3.3/../../../../avr/lib/avr5\libc.a(strnlen_P.o)
 .bss           0x008000e6        0x0 c:/new folder/imt_sdk_win_64/winavr/bin/../lib/gcc/avr/4.3.3/../../../../avr/lib/avr5\libc.a(strnlen.o)
 .bss           0x008000e6        0x0 c:/new folder/imt_sdk_win_64/winavr/bin/../lib/gcc/avr/4.3.3/../../../../avr/lib/avr5\libc.a(fputc.o)
 .bss           0x008000e6        0x0 c:/new folder/imt_sdk_win_64/winavr/bin/../lib/gcc/avr/4.3.3/../../../../avr/lib/avr5\libc.a(ultoa_invert.o)
 *(.bss*)
 .bss.INT0_InterruptHandler
                0x008000e6        0x2 ./MCAL_Layer/Interrupt/mcal_external_interrupt.o
 .bss.INT1_InterruptHandler
                0x008000e8        0x2 ./MCAL_Layer/Interrupt/mcal_external_interrupt.o
 .bss.INT2_InterruptHandler
                0x008000ea        0x2 ./MCAL_Layer/Interrupt/mcal_external_interrupt.o
 .bss.motor_pin1
                0x008000ec        0x1 ./ECU_Layer/DC_Motor/ECU_DC_Motor.o
 .bss.motor_pin2
                0x008000ed        0x1 ./ECU_Layer/DC_Motor/ECU_DC_Motor.o
 .bss.led1      0x008000ee        0x1 ./ECU_Layer/ECU_LAYER_INIT.o
                0x008000ee                led1
 *(COMMON)
                0x008000ef                PROVIDE (__bss_end, .)
                0x00003f70                __data_load_start = LOADADDR (.data)
                0x00003ff6                __data_load_end = (__data_load_start + SIZEOF (.data))

.noinit         0x008000ef        0x0
                0x008000ef                PROVIDE (__noinit_start, .)
 *(.noinit*)
                0x008000ef                PROVIDE (__noinit_end, .)
                0x008000ef                _end = .
                0x008000ef                PROVIDE (__heap_start, .)

.eeprom         0x00810000        0x0
 *(.eeprom*)
                0x00810000                __eeprom_end = .

.fuse
 *(.fuse)
 *(.lfuse)
 *(.hfuse)
 *(.efuse)

.lock
 *(.lock*)

.signature
 *(.signature*)

.stab           0x00000000     0x5bc8
 *(.stab)
 .stab          0x00000000      0xe10 ./MCAL_Layer/Interrupt/mcal_external_interrupt.o
 .stab          0x00000e10      0x168 ./MCAL_Layer/Interrupt/mcal_internal_interrupt.o
                                0x480 (size before relaxing)
 .stab          0x00000f78      0x324 ./MCAL_Layer/Interrupt/mcal_interrupt_manager.o
                                0x510 (size before relaxing)
 .stab          0x0000129c      0x918 ./MCAL_Layer/01-GPIO/MCAL_GPIO.o
                                0xae0 (size before relaxing)
 .stab          0x00001bb4      0x558 ./ECU_Layer/RELAY/ECU_RELAY.o
                                0x720 (size before relaxing)
 .stab          0x0000210c      0x438 ./ECU_Layer/PUSH_BUTTON/ECU_PB.o
                                0x600 (size before relaxing)
 .stab          0x00002544      0x570 ./ECU_Layer/LED/ECU_LED.o
                                0x738 (size before relaxing)
 .stab          0x00002ab4     0x1b24 ./ECU_Layer/LCD/ECU_CHR_LCD.o
                               0x1cec (size before relaxing)
 .stab          0x000045d8      0x5a0 ./ECU_Layer/KEYPAD/ECU_KEYPAD.o
                                0x768 (size before relaxing)
 .stab          0x00004b78      0x438 ./ECU_Layer/ECU_SEVEN_SEG/ECU_SEVEN_SEG.o
                                0x600 (size before relaxing)
 .stab          0x00004fb0      0x4e0 ./ECU_Layer/DC_Motor/ECU_DC_Motor.o
                                0x6a8 (size before relaxing)
 .stab          0x00005490      0x2c4 ./ECU_Layer/ECU_LAYER_INIT.o
                                0x648 (size before relaxing)
 .stab          0x00005754      0x474 ./Application.o
                                0x8f4 (size before relaxing)

.stabstr        0x00000000     0x2f03
 *(.stabstr)
 .stabstr       0x00000000     0x2f03 ./MCAL_Layer/Interrupt/mcal_external_interrupt.o

.stab.excl
 *(.stab.excl)

.stab.exclstr
 *(.stab.exclstr)

.stab.index
 *(.stab.index)

.stab.indexstr
 *(.stab.indexstr)

.comment
 *(.comment)

.debug
 *(.debug)

.line
 *(.line)

.debug_srcinfo
 *(.debug_srcinfo)

.debug_sfnames
 *(.debug_sfnames)

.debug_aranges  0x00000000      0x140
 *(.debug_aranges)
 .debug_aranges
                0x00000000       0x20 c:/new folder/imt_sdk_win_64/winavr/bin/../lib/gcc/avr/4.3.3/avr5\libgcc.a(_fixunssfsi.o)
 .debug_aranges
                0x00000020       0x20 c:/new folder/imt_sdk_win_64/winavr/bin/../lib/gcc/avr/4.3.3/avr5\libgcc.a(_addsub_sf.o)
 .debug_aranges
                0x00000040       0x20 c:/new folder/imt_sdk_win_64/winavr/bin/../lib/gcc/avr/4.3.3/avr5\libgcc.a(_mul_sf.o)
 .debug_aranges
                0x00000060       0x20 c:/new folder/imt_sdk_win_64/winavr/bin/../lib/gcc/avr/4.3.3/avr5\libgcc.a(_gt_sf.o)
 .debug_aranges
                0x00000080       0x20 c:/new folder/imt_sdk_win_64/winavr/bin/../lib/gcc/avr/4.3.3/avr5\libgcc.a(_ge_sf.o)
 .debug_aranges
                0x000000a0       0x20 c:/new folder/imt_sdk_win_64/winavr/bin/../lib/gcc/avr/4.3.3/avr5\libgcc.a(_lt_sf.o)
 .debug_aranges
                0x000000c0       0x20 c:/new folder/imt_sdk_win_64/winavr/bin/../lib/gcc/avr/4.3.3/avr5\libgcc.a(_sf_to_si.o)
 .debug_aranges
                0x000000e0       0x20 c:/new folder/imt_sdk_win_64/winavr/bin/../lib/gcc/avr/4.3.3/avr5\libgcc.a(_pack_sf.o)
 .debug_aranges
                0x00000100       0x20 c:/new folder/imt_sdk_win_64/winavr/bin/../lib/gcc/avr/4.3.3/avr5\libgcc.a(_unpack_sf.o)
 .debug_aranges
                0x00000120       0x20 c:/new folder/imt_sdk_win_64/winavr/bin/../lib/gcc/avr/4.3.3/avr5\libgcc.a(_fpcmp_parts_sf.o)

.debug_pubnames
                0x00000000      0x170
 *(.debug_pubnames)
 .debug_pubnames
                0x00000000       0x23 c:/new folder/imt_sdk_win_64/winavr/bin/../lib/gcc/avr/4.3.3/avr5\libgcc.a(_fixunssfsi.o)
 .debug_pubnames
                0x00000023       0x2c c:/new folder/imt_sdk_win_64/winavr/bin/../lib/gcc/avr/4.3.3/avr5\libgcc.a(_addsub_sf.o)
 .debug_pubnames
                0x0000004f       0x1f c:/new folder/imt_sdk_win_64/winavr/bin/../lib/gcc/avr/4.3.3/avr5\libgcc.a(_mul_sf.o)
 .debug_pubnames
                0x0000006e       0x1e c:/new folder/imt_sdk_win_64/winavr/bin/../lib/gcc/avr/4.3.3/avr5\libgcc.a(_gt_sf.o)
 .debug_pubnames
                0x0000008c       0x1e c:/new folder/imt_sdk_win_64/winavr/bin/../lib/gcc/avr/4.3.3/avr5\libgcc.a(_ge_sf.o)
 .debug_pubnames
                0x000000aa       0x1e c:/new folder/imt_sdk_win_64/winavr/bin/../lib/gcc/avr/4.3.3/avr5\libgcc.a(_lt_sf.o)
 .debug_pubnames
                0x000000c8       0x20 c:/new folder/imt_sdk_win_64/winavr/bin/../lib/gcc/avr/4.3.3/avr5\libgcc.a(_sf_to_si.o)
 .debug_pubnames
                0x000000e8       0x22 c:/new folder/imt_sdk_win_64/winavr/bin/../lib/gcc/avr/4.3.3/avr5\libgcc.a(_thenan_sf.o)
 .debug_pubnames
                0x0000010a       0x1f c:/new folder/imt_sdk_win_64/winavr/bin/../lib/gcc/avr/4.3.3/avr5\libgcc.a(_pack_sf.o)
 .debug_pubnames
                0x00000129       0x21 c:/new folder/imt_sdk_win_64/winavr/bin/../lib/gcc/avr/4.3.3/avr5\libgcc.a(_unpack_sf.o)
 .debug_pubnames
                0x0000014a       0x26 c:/new folder/imt_sdk_win_64/winavr/bin/../lib/gcc/avr/4.3.3/avr5\libgcc.a(_fpcmp_parts_sf.o)

.debug_info     0x00000000     0x1c49
 *(.debug_info)
 .debug_info    0x00000000       0xb1 c:/new folder/imt_sdk_win_64/winavr/bin/../lib/gcc/avr/4.3.3/avr5\libgcc.a(_fixunssfsi.o)
 .debug_info    0x000000b1      0x47a c:/new folder/imt_sdk_win_64/winavr/bin/../lib/gcc/avr/4.3.3/avr5\libgcc.a(_addsub_sf.o)
 .debug_info    0x0000052b      0x485 c:/new folder/imt_sdk_win_64/winavr/bin/../lib/gcc/avr/4.3.3/avr5\libgcc.a(_mul_sf.o)
 .debug_info    0x000009b0      0x27f c:/new folder/imt_sdk_win_64/winavr/bin/../lib/gcc/avr/4.3.3/avr5\libgcc.a(_gt_sf.o)
 .debug_info    0x00000c2f      0x27f c:/new folder/imt_sdk_win_64/winavr/bin/../lib/gcc/avr/4.3.3/avr5\libgcc.a(_ge_sf.o)
 .debug_info    0x00000eae      0x27f c:/new folder/imt_sdk_win_64/winavr/bin/../lib/gcc/avr/4.3.3/avr5\libgcc.a(_lt_sf.o)
 .debug_info    0x0000112d      0x2b0 c:/new folder/imt_sdk_win_64/winavr/bin/../lib/gcc/avr/4.3.3/avr5\libgcc.a(_sf_to_si.o)
 .debug_info    0x000013dd      0x12c c:/new folder/imt_sdk_win_64/winavr/bin/../lib/gcc/avr/4.3.3/avr5\libgcc.a(_thenan_sf.o)
 .debug_info    0x00001509      0x2df c:/new folder/imt_sdk_win_64/winavr/bin/../lib/gcc/avr/4.3.3/avr5\libgcc.a(_pack_sf.o)
 .debug_info    0x000017e8      0x251 c:/new folder/imt_sdk_win_64/winavr/bin/../lib/gcc/avr/4.3.3/avr5\libgcc.a(_unpack_sf.o)
 .debug_info    0x00001a39      0x210 c:/new folder/imt_sdk_win_64/winavr/bin/../lib/gcc/avr/4.3.3/avr5\libgcc.a(_fpcmp_parts_sf.o)
 *(.gnu.linkonce.wi.*)

.debug_abbrev   0x00000000      0xeeb
 *(.debug_abbrev)
 .debug_abbrev  0x00000000       0x5d c:/new folder/imt_sdk_win_64/winavr/bin/../lib/gcc/avr/4.3.3/avr5\libgcc.a(_fixunssfsi.o)
 .debug_abbrev  0x0000005d      0x1ea c:/new folder/imt_sdk_win_64/winavr/bin/../lib/gcc/avr/4.3.3/avr5\libgcc.a(_addsub_sf.o)
 .debug_abbrev  0x00000247      0x21b c:/new folder/imt_sdk_win_64/winavr/bin/../lib/gcc/avr/4.3.3/avr5\libgcc.a(_mul_sf.o)
 .debug_abbrev  0x00000462      0x15a c:/new folder/imt_sdk_win_64/winavr/bin/../lib/gcc/avr/4.3.3/avr5\libgcc.a(_gt_sf.o)
 .debug_abbrev  0x000005bc      0x15a c:/new folder/imt_sdk_win_64/winavr/bin/../lib/gcc/avr/4.3.3/avr5\libgcc.a(_ge_sf.o)
 .debug_abbrev  0x00000716      0x15a c:/new folder/imt_sdk_win_64/winavr/bin/../lib/gcc/avr/4.3.3/avr5\libgcc.a(_lt_sf.o)
 .debug_abbrev  0x00000870      0x17f c:/new folder/imt_sdk_win_64/winavr/bin/../lib/gcc/avr/4.3.3/avr5\libgcc.a(_sf_to_si.o)
 .debug_abbrev  0x000009ef       0xad c:/new folder/imt_sdk_win_64/winavr/bin/../lib/gcc/avr/4.3.3/avr5\libgcc.a(_thenan_sf.o)
 .debug_abbrev  0x00000a9c      0x1c0 c:/new folder/imt_sdk_win_64/winavr/bin/../lib/gcc/avr/4.3.3/avr5\libgcc.a(_pack_sf.o)
 .debug_abbrev  0x00000c5c      0x154 c:/new folder/imt_sdk_win_64/winavr/bin/../lib/gcc/avr/4.3.3/avr5\libgcc.a(_unpack_sf.o)
 .debug_abbrev  0x00000db0      0x13b c:/new folder/imt_sdk_win_64/winavr/bin/../lib/gcc/avr/4.3.3/avr5\libgcc.a(_fpcmp_parts_sf.o)

.debug_line     0x00000000      0xdad
 *(.debug_line)
 .debug_line    0x00000000       0xa7 c:/new folder/imt_sdk_win_64/winavr/bin/../lib/gcc/avr/4.3.3/avr5\libgcc.a(_fixunssfsi.o)
 .debug_line    0x000000a7      0x2af c:/new folder/imt_sdk_win_64/winavr/bin/../lib/gcc/avr/4.3.3/avr5\libgcc.a(_addsub_sf.o)
 .debug_line    0x00000356      0x239 c:/new folder/imt_sdk_win_64/winavr/bin/../lib/gcc/avr/4.3.3/avr5\libgcc.a(_mul_sf.o)
 .debug_line    0x0000058f       0xd3 c:/new folder/imt_sdk_win_64/winavr/bin/../lib/gcc/avr/4.3.3/avr5\libgcc.a(_gt_sf.o)
 .debug_line    0x00000662       0xd3 c:/new folder/imt_sdk_win_64/winavr/bin/../lib/gcc/avr/4.3.3/avr5\libgcc.a(_ge_sf.o)
 .debug_line    0x00000735       0xd3 c:/new folder/imt_sdk_win_64/winavr/bin/../lib/gcc/avr/4.3.3/avr5\libgcc.a(_lt_sf.o)
 .debug_line    0x00000808      0x109 c:/new folder/imt_sdk_win_64/winavr/bin/../lib/gcc/avr/4.3.3/avr5\libgcc.a(_sf_to_si.o)
 .debug_line    0x00000911       0x90 c:/new folder/imt_sdk_win_64/winavr/bin/../lib/gcc/avr/4.3.3/avr5\libgcc.a(_thenan_sf.o)
 .debug_line    0x000009a1      0x18a c:/new folder/imt_sdk_win_64/winavr/bin/../lib/gcc/avr/4.3.3/avr5\libgcc.a(_pack_sf.o)
 .debug_line    0x00000b2b      0x14b c:/new folder/imt_sdk_win_64/winavr/bin/../lib/gcc/avr/4.3.3/avr5\libgcc.a(_unpack_sf.o)
 .debug_line    0x00000c76      0x137 c:/new folder/imt_sdk_win_64/winavr/bin/../lib/gcc/avr/4.3.3/avr5\libgcc.a(_fpcmp_parts_sf.o)

.debug_frame    0x00000000      0x160
 *(.debug_frame)
 .debug_frame   0x00000000       0x20 c:/new folder/imt_sdk_win_64/winavr/bin/../lib/gcc/avr/4.3.3/avr5\libgcc.a(_fixunssfsi.o)
 .debug_frame   0x00000020       0x40 c:/new folder/imt_sdk_win_64/winavr/bin/../lib/gcc/avr/4.3.3/avr5\libgcc.a(_addsub_sf.o)
 .debug_frame   0x00000060       0x20 c:/new folder/imt_sdk_win_64/winavr/bin/../lib/gcc/avr/4.3.3/avr5\libgcc.a(_mul_sf.o)
 .debug_frame   0x00000080       0x20 c:/new folder/imt_sdk_win_64/winavr/bin/../lib/gcc/avr/4.3.3/avr5\libgcc.a(_gt_sf.o)
 .debug_frame   0x000000a0       0x20 c:/new folder/imt_sdk_win_64/winavr/bin/../lib/gcc/avr/4.3.3/avr5\libgcc.a(_ge_sf.o)
 .debug_frame   0x000000c0       0x20 c:/new folder/imt_sdk_win_64/winavr/bin/../lib/gcc/avr/4.3.3/avr5\libgcc.a(_lt_sf.o)
 .debug_frame   0x000000e0       0x20 c:/new folder/imt_sdk_win_64/winavr/bin/../lib/gcc/avr/4.3.3/avr5\libgcc.a(_sf_to_si.o)
 .debug_frame   0x00000100       0x20 c:/new folder/imt_sdk_win_64/winavr/bin/../lib/gcc/avr/4.3.3/avr5\libgcc.a(_pack_sf.o)
 .debug_frame   0x00000120       0x20 c:/new folder/imt_sdk_win_64/winavr/bin/../lib/gcc/avr/4.3.3/avr5\libgcc.a(_unpack_sf.o)
 .debug_frame   0x00000140       0x20 c:/new folder/imt_sdk_win_64/winavr/bin/../lib/gcc/avr/4.3.3/avr5\libgcc.a(_fpcmp_parts_sf.o)

.debug_str      0x00000000      0x28d
 *(.debug_str)
 .debug_str     0x00000000       0xbf c:/new folder/imt_sdk_win_64/winavr/bin/../lib/gcc/avr/4.3.3/avr5\libgcc.a(_fixunssfsi.o)
                                 0xfe (size before relaxing)
 .debug_str     0x000000bf      0x14d c:/new folder/imt_sdk_win_64/winavr/bin/../lib/gcc/avr/4.3.3/avr5\libgcc.a(_addsub_sf.o)
                                0x206 (size before relaxing)
 .debug_str     0x0000020c       0x27 c:/new folder/imt_sdk_win_64/winavr/bin/../lib/gcc/avr/4.3.3/avr5\libgcc.a(_mul_sf.o)
                                0x1bf (size before relaxing)
 .debug_str     0x00000233        0xf c:/new folder/imt_sdk_win_64/winavr/bin/../lib/gcc/avr/4.3.3/avr5\libgcc.a(_gt_sf.o)
                                0x195 (size before relaxing)
 .debug_str     0x00000242        0x8 c:/new folder/imt_sdk_win_64/winavr/bin/../lib/gcc/avr/4.3.3/avr5\libgcc.a(_ge_sf.o)
                                0x195 (size before relaxing)
 .debug_str     0x0000024a        0x8 c:/new folder/imt_sdk_win_64/winavr/bin/../lib/gcc/avr/4.3.3/avr5\libgcc.a(_lt_sf.o)
                                0x195 (size before relaxing)
 .debug_str     0x00000252        0xa c:/new folder/imt_sdk_win_64/winavr/bin/../lib/gcc/avr/4.3.3/avr5\libgcc.a(_sf_to_si.o)
                                0x19e (size before relaxing)
 .debug_str     0x00000000      0x103 c:/new folder/imt_sdk_win_64/winavr/bin/../lib/gcc/avr/4.3.3/avr5\libgcc.a(_thenan_sf.o)
 .debug_str     0x0000025c       0x16 c:/new folder/imt_sdk_win_64/winavr/bin/../lib/gcc/avr/4.3.3/avr5\libgcc.a(_pack_sf.o)
                                0x19d (size before relaxing)
 .debug_str     0x00000272        0xb c:/new folder/imt_sdk_win_64/winavr/bin/../lib/gcc/avr/4.3.3/avr5\libgcc.a(_unpack_sf.o)
                                0x17f (size before relaxing)
 .debug_str     0x0000027d       0x10 c:/new folder/imt_sdk_win_64/winavr/bin/../lib/gcc/avr/4.3.3/avr5\libgcc.a(_fpcmp_parts_sf.o)
                                0x163 (size before relaxing)

.debug_loc      0x00000000      0x7ce
 *(.debug_loc)
 .debug_loc     0x00000000       0x34 c:/new folder/imt_sdk_win_64/winavr/bin/../lib/gcc/avr/4.3.3/avr5\libgcc.a(_fixunssfsi.o)
 .debug_loc     0x00000034      0x32a c:/new folder/imt_sdk_win_64/winavr/bin/../lib/gcc/avr/4.3.3/avr5\libgcc.a(_addsub_sf.o)
 .debug_loc     0x0000035e      0x104 c:/new folder/imt_sdk_win_64/winavr/bin/../lib/gcc/avr/4.3.3/avr5\libgcc.a(_mul_sf.o)
 .debug_loc     0x00000462       0x3c c:/new folder/imt_sdk_win_64/winavr/bin/../lib/gcc/avr/4.3.3/avr5\libgcc.a(_gt_sf.o)
 .debug_loc     0x0000049e       0x3c c:/new folder/imt_sdk_win_64/winavr/bin/../lib/gcc/avr/4.3.3/avr5\libgcc.a(_ge_sf.o)
 .debug_loc     0x000004da       0x3c c:/new folder/imt_sdk_win_64/winavr/bin/../lib/gcc/avr/4.3.3/avr5\libgcc.a(_lt_sf.o)
 .debug_loc     0x00000516       0x7e c:/new folder/imt_sdk_win_64/winavr/bin/../lib/gcc/avr/4.3.3/avr5\libgcc.a(_sf_to_si.o)
 .debug_loc     0x00000594      0x13e c:/new folder/imt_sdk_win_64/winavr/bin/../lib/gcc/avr/4.3.3/avr5\libgcc.a(_pack_sf.o)
 .debug_loc     0x000006d2       0xac c:/new folder/imt_sdk_win_64/winavr/bin/../lib/gcc/avr/4.3.3/avr5\libgcc.a(_unpack_sf.o)
 .debug_loc     0x0000077e       0x50 c:/new folder/imt_sdk_win_64/winavr/bin/../lib/gcc/avr/4.3.3/avr5\libgcc.a(_fpcmp_parts_sf.o)

.debug_macinfo
 *(.debug_macinfo)
OUTPUT(Application.elf elf32-avr)
LOAD linker stubs

.debug_ranges   0x00000000       0x50
 .debug_ranges  0x00000000       0x50 c:/new folder/imt_sdk_win_64/winavr/bin/../lib/gcc/avr/4.3.3/avr5\libgcc.a(_mul_sf.o)
